### Starting TaskPrologue of job 1122983 on tg093 at Tue Jul 15 22:37:54 CEST 2025
Running on cores 64-95 with governor ondemand
Tue Jul 15 22:37:54 2025       
+-----------------------------------------------------------------------------------------+
| NVIDIA-SMI 575.57.08              Driver Version: 575.57.08      CUDA Version: 12.9     |
|-----------------------------------------+------------------------+----------------------+
| GPU  Name                 Persistence-M | Bus-Id          Disp.A | Volatile Uncorr. ECC |
| Fan  Temp   Perf          Pwr:Usage/Cap |           Memory-Usage | GPU-Util  Compute M. |
|                                         |                        |               MIG M. |
|=========================================+========================+======================|
|   0  NVIDIA A100-SXM4-40GB          On  |   00000000:81:00.0 Off |                    0 |
| N/A   34C    P0             58W /  400W |       0MiB /  40960MiB |      0%      Default |
|                                         |                        |             Disabled |
+-----------------------------------------+------------------------+----------------------+
                                                                                         
+-----------------------------------------------------------------------------------------+
| Processes:                                                                              |
|  GPU   GI   CI              PID   Type   Process name                        GPU Memory |
|        ID   ID                                                               Usage      |
|=========================================================================================|
|  No running processes found                                                             |
+-----------------------------------------------------------------------------------------+
### Finished TaskPrologue

73
Epoch 1/500, Train Loss: 0.7685, Train IoU Score: 0.2550, Val Loss: 0.7489,  Val IoU: 0.3965, Time: 32.90 seconds, Epoch 1 , Current LR: 0.0001
Saved new best model at epoch 1 with Val IoU: 0.3965
Epoch 2/500, Train Loss: 0.7451, Train IoU Score: 0.4569, Val Loss: 0.7431,  Val IoU: 0.4352, Time: 25.40 seconds, Epoch 2 , Current LR: 9.999901314150258e-05
Saved new best model at epoch 2 with Val IoU: 0.4352
Epoch 3/500, Train Loss: 0.7393, Train IoU Score: 0.4947, Val Loss: 0.7369,  Val IoU: 0.5125, Time: 24.56 seconds, Epoch 3 , Current LR: 9.99960526049698e-05
Saved new best model at epoch 3 with Val IoU: 0.5125
Epoch 4/500, Train Loss: 0.7342, Train IoU Score: 0.5209, Val Loss: 0.7335,  Val IoU: 0.4946, Time: 26.63 seconds, Epoch 4 , Current LR: 9.999111850727856e-05
 No improvement for 1 epochs.
Epoch 5/500, Train Loss: 0.7302, Train IoU Score: 0.5514, Val Loss: 0.7297,  Val IoU: 0.5234, Time: 24.97 seconds, Epoch 5 , Current LR: 9.99842110432186e-05
Saved new best model at epoch 5 with Val IoU: 0.5234
Epoch 6/500, Train Loss: 0.7265, Train IoU Score: 0.5909, Val Loss: 0.7261,  Val IoU: 0.5962, Time: 25.76 seconds, Epoch 6 , Current LR: 9.997533048548477e-05
Saved new best model at epoch 6 with Val IoU: 0.5962
Epoch 7/500, Train Loss: 0.7232, Train IoU Score: 0.6222, Val Loss: 0.7231,  Val IoU: 0.5765, Time: 24.52 seconds, Epoch 7 , Current LR: 9.996447718466627e-05
 No improvement for 1 epochs.
Epoch 8/500, Train Loss: 0.7199, Train IoU Score: 0.6551, Val Loss: 0.7201,  Val IoU: 0.6172, Time: 24.92 seconds, Epoch 8 , Current LR: 9.995165156923286e-05
Saved new best model at epoch 8 with Val IoU: 0.6172
Epoch 9/500, Train Loss: 0.7170, Train IoU Score: 0.6734, Val Loss: 0.7175,  Val IoU: 0.5882, Time: 26.70 seconds, Epoch 9 , Current LR: 9.993685414551785e-05
 No improvement for 1 epochs.
Epoch 10/500, Train Loss: 0.7141, Train IoU Score: 0.6866, Val Loss: 0.7158,  Val IoU: 0.6208, Time: 24.61 seconds, Epoch 10 , Current LR: 9.992008549769821e-05
Saved new best model at epoch 10 with Val IoU: 0.6208
Epoch 11/500, Train Loss: 0.7115, Train IoU Score: 0.6930, Val Loss: 0.7129,  Val IoU: 0.6478, Time: 29.35 seconds, Epoch 11 , Current LR: 9.990134628777144e-05
Saved new best model at epoch 11 with Val IoU: 0.6478
Epoch 12/500, Train Loss: 0.7087, Train IoU Score: 0.7140, Val Loss: 0.7103,  Val IoU: 0.6532, Time: 25.00 seconds, Epoch 12 , Current LR: 9.988063725552945e-05
Saved new best model at epoch 12 with Val IoU: 0.6532
Epoch 13/500, Train Loss: 0.7061, Train IoU Score: 0.7250, Val Loss: 0.7066,  Val IoU: 0.7174, Time: 26.18 seconds, Epoch 13 , Current LR: 9.985795921852938e-05
Saved new best model at epoch 13 with Val IoU: 0.7174
Epoch 14/500, Train Loss: 0.7036, Train IoU Score: 0.7249, Val Loss: 0.7052,  Val IoU: 0.6580, Time: 25.40 seconds, Epoch 14 , Current LR: 9.983331307206131e-05
 No improvement for 1 epochs.
Epoch 15/500, Train Loss: 0.7009, Train IoU Score: 0.7338, Val Loss: 0.7013,  Val IoU: 0.6776, Time: 25.27 seconds, Epoch 15 , Current LR: 9.98066997891129e-05
 No improvement for 2 epochs.
Epoch 16/500, Train Loss: 0.6982, Train IoU Score: 0.7509, Val Loss: 0.6986,  Val IoU: 0.7222, Time: 26.12 seconds, Epoch 16 , Current LR: 9.977812042033098e-05
Saved new best model at epoch 16 with Val IoU: 0.7222
Epoch 17/500, Train Loss: 0.6956, Train IoU Score: 0.7554, Val Loss: 0.6965,  Val IoU: 0.6776, Time: 24.86 seconds, Epoch 17 , Current LR: 9.97475760939801e-05
 No improvement for 1 epochs.
Epoch 18/500, Train Loss: 0.6931, Train IoU Score: 0.7607, Val Loss: 0.6932,  Val IoU: 0.7362, Time: 24.60 seconds, Epoch 18 , Current LR: 9.971506801589796e-05
Saved new best model at epoch 18 with Val IoU: 0.7362
Epoch 19/500, Train Loss: 0.6905, Train IoU Score: 0.7668, Val Loss: 0.6913,  Val IoU: 0.7254, Time: 25.16 seconds, Epoch 19 , Current LR: 9.968059746944783e-05
 No improvement for 1 epochs.
Epoch 20/500, Train Loss: 0.6880, Train IoU Score: 0.7674, Val Loss: 0.6887,  Val IoU: 0.7084, Time: 25.56 seconds, Epoch 20 , Current LR: 9.964416581546784e-05
 No improvement for 2 epochs.
Epoch 21/500, Train Loss: 0.6854, Train IoU Score: 0.7756, Val Loss: 0.6864,  Val IoU: 0.7458, Time: 25.10 seconds, Epoch 21 , Current LR: 9.960577449221734e-05
Saved new best model at epoch 21 with Val IoU: 0.7458
Epoch 22/500, Train Loss: 0.6830, Train IoU Score: 0.7722, Val Loss: 0.6847,  Val IoU: 0.7044, Time: 24.92 seconds, Epoch 22 , Current LR: 9.956542501531999e-05
 No improvement for 1 epochs.
Epoch 23/500, Train Loss: 0.6804, Train IoU Score: 0.7776, Val Loss: 0.6810,  Val IoU: 0.7504, Time: 26.58 seconds, Epoch 23 , Current LR: 9.952311897770407e-05
Saved new best model at epoch 23 with Val IoU: 0.7504
Epoch 24/500, Train Loss: 0.6777, Train IoU Score: 0.7898, Val Loss: 0.6793,  Val IoU: 0.7401, Time: 25.76 seconds, Epoch 24 , Current LR: 9.947885804953953e-05
 No improvement for 1 epochs.
Epoch 25/500, Train Loss: 0.6752, Train IoU Score: 0.7896, Val Loss: 0.6763,  Val IoU: 0.7304, Time: 25.44 seconds, Epoch 25 , Current LR: 9.943264397817201e-05
 No improvement for 2 epochs.
Epoch 26/500, Train Loss: 0.6727, Train IoU Score: 0.7912, Val Loss: 0.6750,  Val IoU: 0.6996, Time: 26.81 seconds, Epoch 26 , Current LR: 9.938447858805392e-05
 No improvement for 3 epochs.
Epoch 27/500, Train Loss: 0.6701, Train IoU Score: 0.7992, Val Loss: 0.6718,  Val IoU: 0.7351, Time: 26.80 seconds, Epoch 27 , Current LR: 9.933436378067237e-05
 No improvement for 4 epochs.
Epoch 28/500, Train Loss: 0.6675, Train IoU Score: 0.7994, Val Loss: 0.6690,  Val IoU: 0.7496, Time: 25.76 seconds, Epoch 28 , Current LR: 9.928230153447418e-05
 No improvement for 5 epochs.
Epoch 29/500, Train Loss: 0.6647, Train IoU Score: 0.8112, Val Loss: 0.6661,  Val IoU: 0.7488, Time: 26.88 seconds, Epoch 29 , Current LR: 9.922829390478764e-05
 No improvement for 6 epochs.
Epoch 30/500, Train Loss: 0.6621, Train IoU Score: 0.8103, Val Loss: 0.6640,  Val IoU: 0.7721, Time: 25.28 seconds, Epoch 30 , Current LR: 9.917234302374152e-05
Saved new best model at epoch 30 with Val IoU: 0.7721
Epoch 31/500, Train Loss: 0.6594, Train IoU Score: 0.8096, Val Loss: 0.6617,  Val IoU: 0.6853, Time: 24.81 seconds, Epoch 31 , Current LR: 9.911445110018081e-05
 No improvement for 1 epochs.
Epoch 32/500, Train Loss: 0.6567, Train IoU Score: 0.8117, Val Loss: 0.6579,  Val IoU: 0.7550, Time: 25.37 seconds, Epoch 32 , Current LR: 9.90546204195795e-05
 No improvement for 2 epochs.
Epoch 33/500, Train Loss: 0.6538, Train IoU Score: 0.8197, Val Loss: 0.6562,  Val IoU: 0.7561, Time: 25.32 seconds, Epoch 33 , Current LR: 9.899285334395044e-05
 No improvement for 3 epochs.
Epoch 34/500, Train Loss: 0.6513, Train IoU Score: 0.8119, Val Loss: 0.6536,  Val IoU: 0.7232, Time: 26.66 seconds, Epoch 34 , Current LR: 9.8929152311752e-05
 No improvement for 4 epochs.
Epoch 35/500, Train Loss: 0.6483, Train IoU Score: 0.8183, Val Loss: 0.6511,  Val IoU: 0.7534, Time: 26.11 seconds, Epoch 35 , Current LR: 9.886351983779186e-05
 No improvement for 5 epochs.
Epoch 36/500, Train Loss: 0.6453, Train IoU Score: 0.8269, Val Loss: 0.6471,  Val IoU: 0.7441, Time: 26.53 seconds, Epoch 36 , Current LR: 9.879595851312771e-05
 No improvement for 6 epochs.
Epoch 37/500, Train Loss: 0.6423, Train IoU Score: 0.8341, Val Loss: 0.6437,  Val IoU: 0.8027, Time: 27.72 seconds, Epoch 37 , Current LR: 9.872647100496496e-05
Saved new best model at epoch 37 with Val IoU: 0.8027
Epoch 38/500, Train Loss: 0.6393, Train IoU Score: 0.8400, Val Loss: 0.6414,  Val IoU: 0.7754, Time: 27.01 seconds, Epoch 38 , Current LR: 9.865506005655144e-05
 No improvement for 1 epochs.
Epoch 39/500, Train Loss: 0.6364, Train IoU Score: 0.8404, Val Loss: 0.6387,  Val IoU: 0.7520, Time: 26.43 seconds, Epoch 39 , Current LR: 9.858172848706915e-05
 No improvement for 2 epochs.
Epoch 40/500, Train Loss: 0.6334, Train IoU Score: 0.8382, Val Loss: 0.6354,  Val IoU: 0.7709, Time: 26.31 seconds, Epoch 40 , Current LR: 9.850647919152287e-05
 No improvement for 3 epochs.
Epoch 41/500, Train Loss: 0.6302, Train IoU Score: 0.8419, Val Loss: 0.6329,  Val IoU: 0.8031, Time: 27.44 seconds, Epoch 41 , Current LR: 9.842931514062595e-05
Saved new best model at epoch 41 with Val IoU: 0.8031
Epoch 42/500, Train Loss: 0.6271, Train IoU Score: 0.8447, Val Loss: 0.6293,  Val IoU: 0.7805, Time: 26.68 seconds, Epoch 42 , Current LR: 9.835023938068298e-05
 No improvement for 1 epochs.
Epoch 43/500, Train Loss: 0.6238, Train IoU Score: 0.8438, Val Loss: 0.6263,  Val IoU: 0.7691, Time: 26.57 seconds, Epoch 43 , Current LR: 9.826925503346955e-05
 No improvement for 2 epochs.
Epoch 44/500, Train Loss: 0.6205, Train IoU Score: 0.8537, Val Loss: 0.6230,  Val IoU: 0.8047, Time: 26.19 seconds, Epoch 44 , Current LR: 9.818636529610907e-05
Saved new best model at epoch 44 with Val IoU: 0.8047
Epoch 45/500, Train Loss: 0.6171, Train IoU Score: 0.8543, Val Loss: 0.6207,  Val IoU: 0.7681, Time: 25.79 seconds, Epoch 45 , Current LR: 9.81015734409464e-05
 No improvement for 1 epochs.
Epoch 46/500, Train Loss: 0.6139, Train IoU Score: 0.8496, Val Loss: 0.6167,  Val IoU: 0.8089, Time: 26.48 seconds, Epoch 46 , Current LR: 9.80148828154188e-05
Saved new best model at epoch 46 with Val IoU: 0.8089
Epoch 47/500, Train Loss: 0.6102, Train IoU Score: 0.8652, Val Loss: 0.6128,  Val IoU: 0.8000, Time: 26.57 seconds, Epoch 47 , Current LR: 9.792629684192375e-05
 No improvement for 1 epochs.
Epoch 48/500, Train Loss: 0.6066, Train IoU Score: 0.8680, Val Loss: 0.6099,  Val IoU: 0.8105, Time: 25.40 seconds, Epoch 48 , Current LR: 9.783581901768378e-05
Saved new best model at epoch 48 with Val IoU: 0.8105
Epoch 49/500, Train Loss: 0.6032, Train IoU Score: 0.8615, Val Loss: 0.6065,  Val IoU: 0.7890, Time: 26.98 seconds, Epoch 49 , Current LR: 9.774345291460846e-05
 No improvement for 1 epochs.
Epoch 50/500, Train Loss: 0.5995, Train IoU Score: 0.8616, Val Loss: 0.6036,  Val IoU: 0.7941, Time: 27.81 seconds, Epoch 50 , Current LR: 9.76492021791534e-05
 No improvement for 2 epochs.
Epoch 51/500, Train Loss: 0.5958, Train IoU Score: 0.8687, Val Loss: 0.5993,  Val IoU: 0.8104, Time: 39.02 seconds, Epoch 51 , Current LR: 9.755307053217624e-05
 No improvement for 3 epochs.
Epoch 52/500, Train Loss: 0.5920, Train IoU Score: 0.8687, Val Loss: 0.5974,  Val IoU: 0.7690, Time: 28.10 seconds, Epoch 52 , Current LR: 9.745506176878981e-05
 No improvement for 4 epochs.
Epoch 53/500, Train Loss: 0.5881, Train IoU Score: 0.8748, Val Loss: 0.5939,  Val IoU: 0.7884, Time: 26.09 seconds, Epoch 53 , Current LR: 9.735517975821225e-05
 No improvement for 5 epochs.
Epoch 54/500, Train Loss: 0.5842, Train IoU Score: 0.8732, Val Loss: 0.5897,  Val IoU: 0.8062, Time: 26.73 seconds, Epoch 54 , Current LR: 9.725342844361435e-05
 No improvement for 6 epochs.
Epoch 55/500, Train Loss: 0.5803, Train IoU Score: 0.8778, Val Loss: 0.5851,  Val IoU: 0.8169, Time: 26.20 seconds, Epoch 55 , Current LR: 9.714981184196377e-05
Saved new best model at epoch 55 with Val IoU: 0.8169
Epoch 56/500, Train Loss: 0.5763, Train IoU Score: 0.8770, Val Loss: 0.5816,  Val IoU: 0.8073, Time: 29.02 seconds, Epoch 56 , Current LR: 9.704433404386652e-05
 No improvement for 1 epochs.
Epoch 57/500, Train Loss: 0.5722, Train IoU Score: 0.8808, Val Loss: 0.5767,  Val IoU: 0.8291, Time: 28.30 seconds, Epoch 57 , Current LR: 9.693699921340545e-05
Saved new best model at epoch 57 with Val IoU: 0.8291
Epoch 58/500, Train Loss: 0.5679, Train IoU Score: 0.8869, Val Loss: 0.5740,  Val IoU: 0.8184, Time: 26.15 seconds, Epoch 58 , Current LR: 9.68278115879759e-05
 No improvement for 1 epochs.
Epoch 59/500, Train Loss: 0.5634, Train IoU Score: 0.8941, Val Loss: 0.5698,  Val IoU: 0.7669, Time: 26.12 seconds, Epoch 59 , Current LR: 9.671677547811834e-05
 No improvement for 2 epochs.
Epoch 60/500, Train Loss: 0.5594, Train IoU Score: 0.8868, Val Loss: 0.5653,  Val IoU: 0.8381, Time: 26.15 seconds, Epoch 60 , Current LR: 9.660389526734826e-05
Saved new best model at epoch 60 with Val IoU: 0.8381
Epoch 61/500, Train Loss: 0.5550, Train IoU Score: 0.8938, Val Loss: 0.5611,  Val IoU: 0.8063, Time: 26.91 seconds, Epoch 61 , Current LR: 9.648917541198315e-05
 No improvement for 1 epochs.
Epoch 62/500, Train Loss: 0.5503, Train IoU Score: 0.8963, Val Loss: 0.5560,  Val IoU: 0.8525, Time: 26.71 seconds, Epoch 62 , Current LR: 9.63726204409664e-05
Saved new best model at epoch 62 with Val IoU: 0.8525
Epoch 63/500, Train Loss: 0.5459, Train IoU Score: 0.8955, Val Loss: 0.5512,  Val IoU: 0.8218, Time: 27.52 seconds, Epoch 63 , Current LR: 9.625423495568874e-05
 No improvement for 1 epochs.
Epoch 64/500, Train Loss: 0.5415, Train IoU Score: 0.8960, Val Loss: 0.5486,  Val IoU: 0.8329, Time: 26.39 seconds, Epoch 64 , Current LR: 9.61340236298064e-05
 No improvement for 2 epochs.
Epoch 65/500, Train Loss: 0.5369, Train IoU Score: 0.8980, Val Loss: 0.5439,  Val IoU: 0.8281, Time: 27.92 seconds, Epoch 65 , Current LR: 9.60119912090567e-05
 No improvement for 3 epochs.
Epoch 66/500, Train Loss: 0.5319, Train IoU Score: 0.9066, Val Loss: 0.5395,  Val IoU: 0.8093, Time: 26.41 seconds, Epoch 66 , Current LR: 9.588814251107064e-05
 No improvement for 4 epochs.
Epoch 67/500, Train Loss: 0.5275, Train IoU Score: 0.9029, Val Loss: 0.5350,  Val IoU: 0.8226, Time: 26.11 seconds, Epoch 67 , Current LR: 9.576248242518278e-05
 No improvement for 5 epochs.
Epoch 68/500, Train Loss: 0.5226, Train IoU Score: 0.9026, Val Loss: 0.5303,  Val IoU: 0.8140, Time: 26.96 seconds, Epoch 68 , Current LR: 9.563501591223814e-05
 No improvement for 6 epochs.
Epoch 69/500, Train Loss: 0.5177, Train IoU Score: 0.9062, Val Loss: 0.5287,  Val IoU: 0.7984, Time: 27.00 seconds, Epoch 69 , Current LR: 9.550574800439637e-05
 No improvement for 7 epochs.
Epoch 70/500, Train Loss: 0.5129, Train IoU Score: 0.9063, Val Loss: 0.5212,  Val IoU: 0.8607, Time: 26.21 seconds, Epoch 70 , Current LR: 9.537468380493315e-05
Saved new best model at epoch 70 with Val IoU: 0.8607
Epoch 71/500, Train Loss: 0.5081, Train IoU Score: 0.9071, Val Loss: 0.5166,  Val IoU: 0.8357, Time: 26.62 seconds, Epoch 71 , Current LR: 9.524182848803866e-05
 No improvement for 1 epochs.
Epoch 72/500, Train Loss: 0.5032, Train IoU Score: 0.9121, Val Loss: 0.5108,  Val IoU: 0.8571, Time: 27.59 seconds, Epoch 72 , Current LR: 9.510718729861331e-05
 No improvement for 2 epochs.
Epoch 73/500, Train Loss: 0.4978, Train IoU Score: 0.9175, Val Loss: 0.5080,  Val IoU: 0.8440, Time: 26.50 seconds, Epoch 73 , Current LR: 9.497076555206074e-05
 No improvement for 3 epochs.
Epoch 74/500, Train Loss: 0.4928, Train IoU Score: 0.9155, Val Loss: 0.5024,  Val IoU: 0.8424, Time: 26.82 seconds, Epoch 74 , Current LR: 9.48325686340779e-05
 No improvement for 4 epochs.
Epoch 75/500, Train Loss: 0.4876, Train IoU Score: 0.9194, Val Loss: 0.4976,  Val IoU: 0.8626, Time: 28.05 seconds, Epoch 75 , Current LR: 9.469260200044245e-05
Saved new best model at epoch 75 with Val IoU: 0.8626
Epoch 76/500, Train Loss: 0.4826, Train IoU Score: 0.9202, Val Loss: 0.4930,  Val IoU: 0.8408, Time: 29.05 seconds, Epoch 76 , Current LR: 9.455087117679746e-05
 No improvement for 1 epochs.
Epoch 77/500, Train Loss: 0.4773, Train IoU Score: 0.9215, Val Loss: 0.4881,  Val IoU: 0.8615, Time: 27.68 seconds, Epoch 77 , Current LR: 9.440738175843317e-05
 No improvement for 2 epochs.
Epoch 78/500, Train Loss: 0.4728, Train IoU Score: 0.9143, Val Loss: 0.4835,  Val IoU: 0.8532, Time: 28.02 seconds, Epoch 78 , Current LR: 9.42621394100661e-05
 No improvement for 3 epochs.
Epoch 79/500, Train Loss: 0.4670, Train IoU Score: 0.9246, Val Loss: 0.4796,  Val IoU: 0.8549, Time: 26.06 seconds, Epoch 79 , Current LR: 9.41151498656155e-05
 No improvement for 4 epochs.
Epoch 80/500, Train Loss: 0.4616, Train IoU Score: 0.9275, Val Loss: 0.4755,  Val IoU: 0.8454, Time: 26.51 seconds, Epoch 80 , Current LR: 9.396641892797686e-05
 No improvement for 5 epochs.
Epoch 81/500, Train Loss: 0.4564, Train IoU Score: 0.9289, Val Loss: 0.4719,  Val IoU: 0.8434, Time: 26.40 seconds, Epoch 81 , Current LR: 9.381595246879296e-05
 No improvement for 6 epochs.
Epoch 82/500, Train Loss: 0.4515, Train IoU Score: 0.9270, Val Loss: 0.4678,  Val IoU: 0.8351, Time: 27.35 seconds, Epoch 82 , Current LR: 9.366375642822195e-05
 No improvement for 7 epochs.
Epoch 83/500, Train Loss: 0.4462, Train IoU Score: 0.9296, Val Loss: 0.4614,  Val IoU: 0.8530, Time: 28.22 seconds, Epoch 83 , Current LR: 9.350983681470293e-05
 No improvement for 8 epochs.
Epoch 84/500, Train Loss: 0.4407, Train IoU Score: 0.9320, Val Loss: 0.4569,  Val IoU: 0.8535, Time: 26.61 seconds, Epoch 84 , Current LR: 9.335419970471866e-05
 No improvement for 9 epochs.
Epoch 85/500, Train Loss: 0.4355, Train IoU Score: 0.9321, Val Loss: 0.4556,  Val IoU: 0.8090, Time: 26.58 seconds, Epoch 85 , Current LR: 9.319685124255578e-05
 No improvement for 10 epochs.
Epoch 86/500, Train Loss: 0.4306, Train IoU Score: 0.9294, Val Loss: 0.4454,  Val IoU: 0.8622, Time: 26.66 seconds, Epoch 86 , Current LR: 9.303779764006215e-05
 No improvement for 11 epochs.
Epoch 87/500, Train Loss: 0.4251, Train IoU Score: 0.9326, Val Loss: 0.4428,  Val IoU: 0.8248, Time: 26.93 seconds, Epoch 87 , Current LR: 9.287704517640164e-05
 No improvement for 12 epochs.
Epoch 88/500, Train Loss: 0.4201, Train IoU Score: 0.9323, Val Loss: 0.4379,  Val IoU: 0.8515, Time: 27.43 seconds, Epoch 88 , Current LR: 9.271460019780626e-05
 No improvement for 13 epochs.
Epoch 89/500, Train Loss: 0.4143, Train IoU Score: 0.9375, Val Loss: 0.4318,  Val IoU: 0.8702, Time: 27.25 seconds, Epoch 89 , Current LR: 9.255046911732562e-05
Saved new best model at epoch 89 with Val IoU: 0.8702
Epoch 90/500, Train Loss: 0.4092, Train IoU Score: 0.9379, Val Loss: 0.4281,  Val IoU: 0.8700, Time: 26.72 seconds, Epoch 90 , Current LR: 9.238465841457373e-05
 No improvement for 1 epochs.
Epoch 91/500, Train Loss: 0.4038, Train IoU Score: 0.9405, Val Loss: 0.4229,  Val IoU: 0.8651, Time: 27.73 seconds, Epoch 91 , Current LR: 9.221717463547324e-05
 No improvement for 2 epochs.
Epoch 92/500, Train Loss: 0.3985, Train IoU Score: 0.9436, Val Loss: 0.4165,  Val IoU: 0.8649, Time: 26.23 seconds, Epoch 92 , Current LR: 9.204802439199696e-05
 No improvement for 3 epochs.
Epoch 93/500, Train Loss: 0.3935, Train IoU Score: 0.9413, Val Loss: 0.4137,  Val IoU: 0.8562, Time: 26.40 seconds, Epoch 93 , Current LR: 9.187721436190688e-05
 No improvement for 4 epochs.
Epoch 94/500, Train Loss: 0.3884, Train IoU Score: 0.9414, Val Loss: 0.4089,  Val IoU: 0.8566, Time: 27.74 seconds, Epoch 94 , Current LR: 9.170475128849049e-05
 No improvement for 5 epochs.
Epoch 95/500, Train Loss: 0.3833, Train IoU Score: 0.9412, Val Loss: 0.4029,  Val IoU: 0.8780, Time: 26.95 seconds, Epoch 95 , Current LR: 9.153064198029465e-05
Saved new best model at epoch 95 with Val IoU: 0.8780
Epoch 96/500, Train Loss: 0.3784, Train IoU Score: 0.9408, Val Loss: 0.3998,  Val IoU: 0.8630, Time: 26.76 seconds, Epoch 96 , Current LR: 9.135489331085672e-05
 No improvement for 1 epochs.
Epoch 97/500, Train Loss: 0.3729, Train IoU Score: 0.9444, Val Loss: 0.3935,  Val IoU: 0.8842, Time: 27.10 seconds, Epoch 97 , Current LR: 9.117751221843322e-05
Saved new best model at epoch 97 with Val IoU: 0.8842
Epoch 98/500, Train Loss: 0.3675, Train IoU Score: 0.9476, Val Loss: 0.3897,  Val IoU: 0.8725, Time: 27.08 seconds, Epoch 98 , Current LR: 9.099850570572599e-05
 No improvement for 1 epochs.
Epoch 99/500, Train Loss: 0.3625, Train IoU Score: 0.9476, Val Loss: 0.3846,  Val IoU: 0.8611, Time: 27.27 seconds, Epoch 99 , Current LR: 9.081788083960561e-05
 No improvement for 2 epochs.
Epoch 100/500, Train Loss: 0.3579, Train IoU Score: 0.9461, Val Loss: 0.3822,  Val IoU: 0.8550, Time: 41.14 seconds, Epoch 100 , Current LR: 9.063564475083252e-05
 No improvement for 3 epochs.
Epoch 101/500, Train Loss: 0.3526, Train IoU Score: 0.9486, Val Loss: 0.3776,  Val IoU: 0.8706, Time: 26.02 seconds, Epoch 101 , Current LR: 9.045180463377548e-05
 No improvement for 4 epochs.
Epoch 102/500, Train Loss: 0.3483, Train IoU Score: 0.9440, Val Loss: 0.3705,  Val IoU: 0.8911, Time: 26.04 seconds, Epoch 102 , Current LR: 9.026636774612751e-05
Saved new best model at epoch 102 with Val IoU: 0.8911
Epoch 103/500, Train Loss: 0.3437, Train IoU Score: 0.9443, Val Loss: 0.3669,  Val IoU: 0.8721, Time: 26.99 seconds, Epoch 103 , Current LR: 9.007934140861946e-05
 No improvement for 1 epochs.
Epoch 104/500, Train Loss: 0.3379, Train IoU Score: 0.9505, Val Loss: 0.3622,  Val IoU: 0.8816, Time: 28.30 seconds, Epoch 104 , Current LR: 8.989073300473084e-05
 No improvement for 2 epochs.
Epoch 105/500, Train Loss: 0.3329, Train IoU Score: 0.9522, Val Loss: 0.3572,  Val IoU: 0.8888, Time: 26.31 seconds, Epoch 105 , Current LR: 8.97005499803985e-05
 No improvement for 3 epochs.
Epoch 106/500, Train Loss: 0.3288, Train IoU Score: 0.9498, Val Loss: 0.3545,  Val IoU: 0.8603, Time: 25.62 seconds, Epoch 106 , Current LR: 8.950879984372261e-05
 No improvement for 4 epochs.
Epoch 107/500, Train Loss: 0.3237, Train IoU Score: 0.9513, Val Loss: 0.3504,  Val IoU: 0.8774, Time: 27.02 seconds, Epoch 107 , Current LR: 8.931549016467024e-05
 No improvement for 5 epochs.
Epoch 108/500, Train Loss: 0.3190, Train IoU Score: 0.9510, Val Loss: 0.3452,  Val IoU: 0.8736, Time: 27.42 seconds, Epoch 108 , Current LR: 8.91206285747765e-05
 No improvement for 6 epochs.
Epoch 109/500, Train Loss: 0.3140, Train IoU Score: 0.9545, Val Loss: 0.3427,  Val IoU: 0.8829, Time: 27.16 seconds, Epoch 109 , Current LR: 8.892422276684332e-05
 No improvement for 7 epochs.
Epoch 110/500, Train Loss: 0.3094, Train IoU Score: 0.9544, Val Loss: 0.3384,  Val IoU: 0.8703, Time: 25.87 seconds, Epoch 110 , Current LR: 8.872628049463569e-05
 No improvement for 8 epochs.
Epoch 111/500, Train Loss: 0.3047, Train IoU Score: 0.9553, Val Loss: 0.3368,  Val IoU: 0.8615, Time: 27.91 seconds, Epoch 111 , Current LR: 8.852680957257556e-05
 No improvement for 9 epochs.
Epoch 112/500, Train Loss: 0.3005, Train IoU Score: 0.9545, Val Loss: 0.3297,  Val IoU: 0.8914, Time: 28.03 seconds, Epoch 112 , Current LR: 8.832581787543343e-05
Saved new best model at epoch 112 with Val IoU: 0.8914
Epoch 113/500, Train Loss: 0.2960, Train IoU Score: 0.9560, Val Loss: 0.3253,  Val IoU: 0.8844, Time: 26.99 seconds, Epoch 113 , Current LR: 8.812331333801733e-05
 No improvement for 1 epochs.
Epoch 114/500, Train Loss: 0.2915, Train IoU Score: 0.9566, Val Loss: 0.3215,  Val IoU: 0.8868, Time: 28.35 seconds, Epoch 114 , Current LR: 8.791930395485964e-05
 No improvement for 2 epochs.
Epoch 115/500, Train Loss: 0.2877, Train IoU Score: 0.9546, Val Loss: 0.3183,  Val IoU: 0.8901, Time: 26.29 seconds, Epoch 115 , Current LR: 8.77137977799015e-05
 No improvement for 3 epochs.
Epoch 116/500, Train Loss: 0.2831, Train IoU Score: 0.9567, Val Loss: 0.3154,  Val IoU: 0.8791, Time: 30.03 seconds, Epoch 116 , Current LR: 8.75068029261748e-05
 No improvement for 4 epochs.
Epoch 117/500, Train Loss: 0.2787, Train IoU Score: 0.9576, Val Loss: 0.3134,  Val IoU: 0.8892, Time: 26.74 seconds, Epoch 117 , Current LR: 8.729832756548197e-05
 No improvement for 5 epochs.
Epoch 118/500, Train Loss: 0.2751, Train IoU Score: 0.9557, Val Loss: 0.3078,  Val IoU: 0.8795, Time: 26.86 seconds, Epoch 118 , Current LR: 8.708837992807325e-05
 No improvement for 6 epochs.
Epoch 119/500, Train Loss: 0.2701, Train IoU Score: 0.9606, Val Loss: 0.3031,  Val IoU: 0.8838, Time: 37.04 seconds, Epoch 119 , Current LR: 8.687696830232188e-05
 No improvement for 7 epochs.
Epoch 120/500, Train Loss: 0.2666, Train IoU Score: 0.9575, Val Loss: 0.3010,  Val IoU: 0.8639, Time: 26.60 seconds, Epoch 120 , Current LR: 8.666410103439687e-05
 No improvement for 8 epochs.
Epoch 121/500, Train Loss: 0.2619, Train IoU Score: 0.9612, Val Loss: 0.2969,  Val IoU: 0.8655, Time: 26.36 seconds, Epoch 121 , Current LR: 8.644978652793345e-05
 No improvement for 9 epochs.
Epoch 122/500, Train Loss: 0.2578, Train IoU Score: 0.9623, Val Loss: 0.2926,  Val IoU: 0.8913, Time: 26.35 seconds, Epoch 122 , Current LR: 8.623403324370137e-05
 No improvement for 10 epochs.
Epoch 123/500, Train Loss: 0.2541, Train IoU Score: 0.9616, Val Loss: 0.2899,  Val IoU: 0.8865, Time: 26.64 seconds, Epoch 123 , Current LR: 8.601684969927088e-05
 No improvement for 11 epochs.
Epoch 124/500, Train Loss: 0.2500, Train IoU Score: 0.9624, Val Loss: 0.2872,  Val IoU: 0.8798, Time: 25.66 seconds, Epoch 124 , Current LR: 8.579824446867643e-05
 No improvement for 12 epochs.
Epoch 125/500, Train Loss: 0.2462, Train IoU Score: 0.9625, Val Loss: 0.2835,  Val IoU: 0.8885, Time: 26.15 seconds, Epoch 125 , Current LR: 8.557822618207821e-05
 No improvement for 13 epochs.
Epoch 126/500, Train Loss: 0.2427, Train IoU Score: 0.9624, Val Loss: 0.2801,  Val IoU: 0.8922, Time: 26.77 seconds, Epoch 126 , Current LR: 8.535680352542141e-05
Saved new best model at epoch 126 with Val IoU: 0.8922
Epoch 127/500, Train Loss: 0.2391, Train IoU Score: 0.9610, Val Loss: 0.2766,  Val IoU: 0.8887, Time: 26.58 seconds, Epoch 127 , Current LR: 8.513398524009345e-05
 No improvement for 1 epochs.
Epoch 128/500, Train Loss: 0.2349, Train IoU Score: 0.9637, Val Loss: 0.2720,  Val IoU: 0.9014, Time: 29.84 seconds, Epoch 128 , Current LR: 8.490978012257865e-05
Saved new best model at epoch 128 with Val IoU: 0.9014
Epoch 129/500, Train Loss: 0.2312, Train IoU Score: 0.9649, Val Loss: 0.2696,  Val IoU: 0.8954, Time: 28.11 seconds, Epoch 129 , Current LR: 8.468419702411116e-05
 No improvement for 1 epochs.
Epoch 130/500, Train Loss: 0.2280, Train IoU Score: 0.9636, Val Loss: 0.2668,  Val IoU: 0.8889, Time: 27.17 seconds, Epoch 130 , Current LR: 8.445724485032546e-05
 No improvement for 2 epochs.
Epoch 131/500, Train Loss: 0.2249, Train IoU Score: 0.9632, Val Loss: 0.2651,  Val IoU: 0.8878, Time: 28.44 seconds, Epoch 131 , Current LR: 8.422893256090477e-05
 No improvement for 3 epochs.
Epoch 132/500, Train Loss: 0.2213, Train IoU Score: 0.9635, Val Loss: 0.2638,  Val IoU: 0.8862, Time: 26.56 seconds, Epoch 132 , Current LR: 8.399926916922732e-05
 No improvement for 4 epochs.
Epoch 133/500, Train Loss: 0.2181, Train IoU Score: 0.9630, Val Loss: 0.2606,  Val IoU: 0.8908, Time: 31.89 seconds, Epoch 133 , Current LR: 8.376826374201059e-05
 No improvement for 5 epochs.
Epoch 134/500, Train Loss: 0.2145, Train IoU Score: 0.9638, Val Loss: 0.2570,  Val IoU: 0.8838, Time: 26.22 seconds, Epoch 134 , Current LR: 8.353592539895329e-05
 No improvement for 6 epochs.
Epoch 135/500, Train Loss: 0.2104, Train IoU Score: 0.9667, Val Loss: 0.2532,  Val IoU: 0.8920, Time: 27.18 seconds, Epoch 135 , Current LR: 8.330226331237537e-05
 No improvement for 7 epochs.
Epoch 136/500, Train Loss: 0.2078, Train IoU Score: 0.9647, Val Loss: 0.2512,  Val IoU: 0.8881, Time: 27.86 seconds, Epoch 136 , Current LR: 8.306728670685594e-05
 No improvement for 8 epochs.
Epoch 137/500, Train Loss: 0.2046, Train IoU Score: 0.9649, Val Loss: 0.2491,  Val IoU: 0.8817, Time: 26.33 seconds, Epoch 137 , Current LR: 8.283100485886902e-05
 No improvement for 9 epochs.
Epoch 138/500, Train Loss: 0.2011, Train IoU Score: 0.9671, Val Loss: 0.2455,  Val IoU: 0.8892, Time: 25.78 seconds, Epoch 138 , Current LR: 8.259342709641741e-05
 No improvement for 10 epochs.
Epoch 139/500, Train Loss: 0.1979, Train IoU Score: 0.9679, Val Loss: 0.2429,  Val IoU: 0.8875, Time: 27.91 seconds, Epoch 139 , Current LR: 8.235456279866435e-05
 No improvement for 11 epochs.
Epoch 140/500, Train Loss: 0.1949, Train IoU Score: 0.9669, Val Loss: 0.2401,  Val IoU: 0.8884, Time: 26.95 seconds, Epoch 140 , Current LR: 8.211442139556331e-05
 No improvement for 12 epochs.
Epoch 141/500, Train Loss: 0.1919, Train IoU Score: 0.9674, Val Loss: 0.2382,  Val IoU: 0.8870, Time: 27.12 seconds, Epoch 141 , Current LR: 8.187301236748572e-05
 No improvement for 13 epochs.
Epoch 142/500, Train Loss: 0.1889, Train IoU Score: 0.9679, Val Loss: 0.2356,  Val IoU: 0.8826, Time: 28.38 seconds, Epoch 142 , Current LR: 8.163034524484664e-05
 No improvement for 14 epochs.
Epoch 143/500, Train Loss: 0.1859, Train IoU Score: 0.9685, Val Loss: 0.2320,  Val IoU: 0.8834, Time: 26.75 seconds, Epoch 143 , Current LR: 8.138642960772855e-05
 No improvement for 15 epochs.
Epoch 144/500, Train Loss: 0.1828, Train IoU Score: 0.9693, Val Loss: 0.2287,  Val IoU: 0.8968, Time: 26.53 seconds, Epoch 144 , Current LR: 8.114127508550318e-05
 No improvement for 16 epochs.
Epoch 145/500, Train Loss: 0.1802, Train IoU Score: 0.9688, Val Loss: 0.2265,  Val IoU: 0.8988, Time: 27.52 seconds, Epoch 145 , Current LR: 8.089489135645126e-05
 No improvement for 17 epochs.
Epoch 146/500, Train Loss: 0.1778, Train IoU Score: 0.9672, Val Loss: 0.2290,  Val IoU: 0.8428, Time: 26.39 seconds, Epoch 146 , Current LR: 8.064728814738056e-05
 No improvement for 18 epochs.
Epoch 147/500, Train Loss: 0.1751, Train IoU Score: 0.9681, Val Loss: 0.2210,  Val IoU: 0.8718, Time: 27.68 seconds, Epoch 147 , Current LR: 8.03984752332418e-05
 No improvement for 19 epochs.
Epoch 148/500, Train Loss: 0.1722, Train IoU Score: 0.9687, Val Loss: 0.2209,  Val IoU: 0.8979, Time: 27.07 seconds, Epoch 148 , Current LR: 8.01484624367428e-05
 No improvement for 20 epochs.
Epoch 149/500, Train Loss: 0.1698, Train IoU Score: 0.9682, Val Loss: 0.2169,  Val IoU: 0.8936, Time: 25.93 seconds, Epoch 149 , Current LR: 7.989725962796066e-05
 No improvement for 21 epochs.
Epoch 150/500, Train Loss: 0.1668, Train IoU Score: 0.9698, Val Loss: 0.2172,  Val IoU: 0.8904, Time: 25.65 seconds, Epoch 150 , Current LR: 7.964487672395216e-05
 No improvement for 22 epochs.
Epoch 151/500, Train Loss: 0.1644, Train IoU Score: 0.9692, Val Loss: 0.2149,  Val IoU: 0.8845, Time: 27.15 seconds, Epoch 151 , Current LR: 7.939132368836219e-05
 No improvement for 23 epochs.
Epoch 152/500, Train Loss: 0.1617, Train IoU Score: 0.9700, Val Loss: 0.2108,  Val IoU: 0.8921, Time: 26.97 seconds, Epoch 152 , Current LR: 7.913661053103046e-05
 No improvement for 24 epochs.
Epoch 153/500, Train Loss: 0.1589, Train IoU Score: 0.9710, Val Loss: 0.2092,  Val IoU: 0.8918, Time: 25.97 seconds, Epoch 153 , Current LR: 7.888074730759626e-05
 No improvement for 25 epochs.
Epoch 154/500, Train Loss: 0.1565, Train IoU Score: 0.9718, Val Loss: 0.2062,  Val IoU: 0.8946, Time: 26.52 seconds, Epoch 154 , Current LR: 7.862374411910156e-05
 No improvement for 26 epochs.
Epoch 155/500, Train Loss: 0.1544, Train IoU Score: 0.9710, Val Loss: 0.2045,  Val IoU: 0.8881, Time: 27.09 seconds, Epoch 155 , Current LR: 7.83656111115922e-05
 No improvement for 27 epochs.
Epoch 156/500, Train Loss: 0.1515, Train IoU Score: 0.9729, Val Loss: 0.2033,  Val IoU: 0.8948, Time: 27.48 seconds, Epoch 156 , Current LR: 7.810635847571726e-05
 No improvement for 28 epochs.
Epoch 157/500, Train Loss: 0.1498, Train IoU Score: 0.9710, Val Loss: 0.2030,  Val IoU: 0.8771, Time: 25.96 seconds, Epoch 157 , Current LR: 7.784599644632695e-05
 No improvement for 29 epochs.
Epoch 158/500, Train Loss: 0.1477, Train IoU Score: 0.9703, Val Loss: 0.1987,  Val IoU: 0.8976, Time: 25.99 seconds, Epoch 158 , Current LR: 7.758453530206836e-05
 No improvement for 30 epochs.
Epoch 159/500, Train Loss: 0.1445, Train IoU Score: 0.9736, Val Loss: 0.1970,  Val IoU: 0.8901, Time: 25.99 seconds, Epoch 159 , Current LR: 7.732198536497977e-05
 No improvement for 31 epochs.
Epoch 160/500, Train Loss: 0.1423, Train IoU Score: 0.9735, Val Loss: 0.1959,  Val IoU: 0.8938, Time: 26.07 seconds, Epoch 160 , Current LR: 7.705835700008313e-05
 No improvement for 32 epochs.
Epoch 161/500, Train Loss: 0.1403, Train IoU Score: 0.9733, Val Loss: 0.1953,  Val IoU: 0.8551, Time: 26.33 seconds, Epoch 161 , Current LR: 7.679366061497491e-05
 No improvement for 33 epochs.
Epoch 162/500, Train Loss: 0.1388, Train IoU Score: 0.9718, Val Loss: 0.1906,  Val IoU: 0.9040, Time: 25.87 seconds, Epoch 162 , Current LR: 7.652790665941514e-05
Saved new best model at epoch 162 with Val IoU: 0.9040
Epoch 163/500, Train Loss: 0.1367, Train IoU Score: 0.9717, Val Loss: 0.1905,  Val IoU: 0.8788, Time: 26.89 seconds, Epoch 163 , Current LR: 7.626110562491495e-05
 No improvement for 1 epochs.
Epoch 164/500, Train Loss: 0.1344, Train IoU Score: 0.9729, Val Loss: 0.1892,  Val IoU: 0.8247, Time: 25.67 seconds, Epoch 164 , Current LR: 7.599326804432234e-05
 No improvement for 2 epochs.
Epoch 165/500, Train Loss: 0.1327, Train IoU Score: 0.9715, Val Loss: 0.1848,  Val IoU: 0.9019, Time: 25.92 seconds, Epoch 165 , Current LR: 7.57244044914064e-05
 No improvement for 3 epochs.
Epoch 166/500, Train Loss: 0.1300, Train IoU Score: 0.9740, Val Loss: 0.1838,  Val IoU: 0.8887, Time: 26.91 seconds, Epoch 166 , Current LR: 7.545452558043979e-05
 No improvement for 4 epochs.
Epoch 167/500, Train Loss: 0.1282, Train IoU Score: 0.9739, Val Loss: 0.1828,  Val IoU: 0.8944, Time: 26.44 seconds, Epoch 167 , Current LR: 7.518364196577983e-05
 No improvement for 5 epochs.
Epoch 168/500, Train Loss: 0.1263, Train IoU Score: 0.9740, Val Loss: 0.1810,  Val IoU: 0.8942, Time: 25.74 seconds, Epoch 168 , Current LR: 7.491176434144782e-05
 No improvement for 6 epochs.
Epoch 169/500, Train Loss: 0.1241, Train IoU Score: 0.9748, Val Loss: 0.1801,  Val IoU: 0.8897, Time: 28.88 seconds, Epoch 169 , Current LR: 7.463890344070681e-05
 No improvement for 7 epochs.
Epoch 170/500, Train Loss: 0.1224, Train IoU Score: 0.9749, Val Loss: 0.1792,  Val IoU: 0.8933, Time: 27.19 seconds, Epoch 170 , Current LR: 7.436507003563796e-05
 No improvement for 8 epochs.
Epoch 171/500, Train Loss: 0.1206, Train IoU Score: 0.9749, Val Loss: 0.1759,  Val IoU: 0.8783, Time: 27.54 seconds, Epoch 171 , Current LR: 7.409027493671522e-05
 No improvement for 9 epochs.
Epoch 172/500, Train Loss: 0.1190, Train IoU Score: 0.9743, Val Loss: 0.1757,  Val IoU: 0.8702, Time: 26.64 seconds, Epoch 172 , Current LR: 7.381452899237858e-05
 No improvement for 10 epochs.
Epoch 173/500, Train Loss: 0.1171, Train IoU Score: 0.9754, Val Loss: 0.1727,  Val IoU: 0.8824, Time: 26.95 seconds, Epoch 173 , Current LR: 7.353784308860578e-05
 No improvement for 11 epochs.
Epoch 174/500, Train Loss: 0.1153, Train IoU Score: 0.9758, Val Loss: 0.1721,  Val IoU: 0.8858, Time: 26.79 seconds, Epoch 174 , Current LR: 7.326022814848251e-05
 No improvement for 12 epochs.
Epoch 175/500, Train Loss: 0.1133, Train IoU Score: 0.9759, Val Loss: 0.1695,  Val IoU: 0.8964, Time: 27.90 seconds, Epoch 175 , Current LR: 7.298169513177127e-05
 No improvement for 13 epochs.
Epoch 176/500, Train Loss: 0.1119, Train IoU Score: 0.9760, Val Loss: 0.1714,  Val IoU: 0.8894, Time: 26.94 seconds, Epoch 176 , Current LR: 7.270225503447863e-05
 No improvement for 14 epochs.
Epoch 177/500, Train Loss: 0.1110, Train IoU Score: 0.9735, Val Loss: 0.1690,  Val IoU: 0.8993, Time: 26.30 seconds, Epoch 177 , Current LR: 7.242191888842117e-05
 No improvement for 15 epochs.
Epoch 178/500, Train Loss: 0.1090, Train IoU Score: 0.9748, Val Loss: 0.1666,  Val IoU: 0.8961, Time: 26.89 seconds, Epoch 178 , Current LR: 7.214069776078987e-05
 No improvement for 16 epochs.
Epoch 179/500, Train Loss: 0.1069, Train IoU Score: 0.9765, Val Loss: 0.1648,  Val IoU: 0.8992, Time: 27.34 seconds, Epoch 179 , Current LR: 7.185860275371337e-05
 No improvement for 17 epochs.
Epoch 180/500, Train Loss: 0.1056, Train IoU Score: 0.9758, Val Loss: 0.1633,  Val IoU: 0.8990, Time: 26.74 seconds, Epoch 180 , Current LR: 7.157564500381954e-05
 No improvement for 18 epochs.
Epoch 181/500, Train Loss: 0.1038, Train IoU Score: 0.9773, Val Loss: 0.1627,  Val IoU: 0.8998, Time: 26.40 seconds, Epoch 181 , Current LR: 7.12918356817958e-05
 No improvement for 19 epochs.
Epoch 182/500, Train Loss: 0.1025, Train IoU Score: 0.9764, Val Loss: 0.1604,  Val IoU: 0.9002, Time: 28.68 seconds, Epoch 182 , Current LR: 7.100718599194824e-05
 No improvement for 20 epochs.
Epoch 183/500, Train Loss: 0.1031, Train IoU Score: 0.9700, Val Loss: 0.1592,  Val IoU: 0.8926, Time: 26.83 seconds, Epoch 183 , Current LR: 7.072170717175924e-05
 No improvement for 21 epochs.
Epoch 184/500, Train Loss: 0.1007, Train IoU Score: 0.9729, Val Loss: 0.1562,  Val IoU: 0.9045, Time: 26.77 seconds, Epoch 184 , Current LR: 7.043541049144376e-05
Saved new best model at epoch 184 with Val IoU: 0.9045
Epoch 185/500, Train Loss: 0.0982, Train IoU Score: 0.9760, Val Loss: 0.1553,  Val IoU: 0.9052, Time: 27.12 seconds, Epoch 185 , Current LR: 7.014830725350455e-05
Saved new best model at epoch 185 with Val IoU: 0.9052
Epoch 186/500, Train Loss: 0.0969, Train IoU Score: 0.9761, Val Loss: 0.1560,  Val IoU: 0.8990, Time: 26.49 seconds, Epoch 186 , Current LR: 6.986040879228584e-05
 No improvement for 1 epochs.
Epoch 187/500, Train Loss: 0.0953, Train IoU Score: 0.9772, Val Loss: 0.1515,  Val IoU: 0.9095, Time: 26.62 seconds, Epoch 187 , Current LR: 6.957172647352592e-05
Saved new best model at epoch 187 with Val IoU: 0.9095
Epoch 188/500, Train Loss: 0.0933, Train IoU Score: 0.9789, Val Loss: 0.1515,  Val IoU: 0.8904, Time: 26.84 seconds, Epoch 188 , Current LR: 6.928227169390841e-05
 No improvement for 1 epochs.
Epoch 189/500, Train Loss: 0.0922, Train IoU Score: 0.9786, Val Loss: 0.1497,  Val IoU: 0.9016, Time: 26.70 seconds, Epoch 189 , Current LR: 6.899205588061243e-05
 No improvement for 2 epochs.
Epoch 190/500, Train Loss: 0.0909, Train IoU Score: 0.9786, Val Loss: 0.1482,  Val IoU: 0.9089, Time: 26.58 seconds, Epoch 190 , Current LR: 6.87010904908613e-05
 No improvement for 3 epochs.
Epoch 191/500, Train Loss: 0.0902, Train IoU Score: 0.9772, Val Loss: 0.1488,  Val IoU: 0.9049, Time: 27.05 seconds, Epoch 191 , Current LR: 6.840938701147044e-05
 No improvement for 4 epochs.
Epoch 192/500, Train Loss: 0.0886, Train IoU Score: 0.9781, Val Loss: 0.1456,  Val IoU: 0.9065, Time: 26.59 seconds, Epoch 192 , Current LR: 6.811695695839374e-05
 No improvement for 5 epochs.
Epoch 193/500, Train Loss: 0.0871, Train IoU Score: 0.9787, Val Loss: 0.1456,  Val IoU: 0.9139, Time: 25.95 seconds, Epoch 193 , Current LR: 6.782381187626894e-05
Saved new best model at epoch 193 with Val IoU: 0.9139
Epoch 194/500, Train Loss: 0.0857, Train IoU Score: 0.9798, Val Loss: 0.1444,  Val IoU: 0.9064, Time: 27.40 seconds, Epoch 194 , Current LR: 6.752996333796197e-05
 No improvement for 1 epochs.
Epoch 195/500, Train Loss: 0.0846, Train IoU Score: 0.9792, Val Loss: 0.1428,  Val IoU: 0.9096, Time: 26.58 seconds, Epoch 195 , Current LR: 6.723542294410997e-05
 No improvement for 2 epochs.
Epoch 196/500, Train Loss: 0.0834, Train IoU Score: 0.9796, Val Loss: 0.1411,  Val IoU: 0.9128, Time: 26.91 seconds, Epoch 196 , Current LR: 6.694020232266334e-05
 No improvement for 3 epochs.
Epoch 197/500, Train Loss: 0.0821, Train IoU Score: 0.9800, Val Loss: 0.1410,  Val IoU: 0.9062, Time: 25.40 seconds, Epoch 197 , Current LR: 6.66443131284267e-05
 No improvement for 4 epochs.
Epoch 198/500, Train Loss: 0.0813, Train IoU Score: 0.9796, Val Loss: 0.1420,  Val IoU: 0.8961, Time: 26.30 seconds, Epoch 198 , Current LR: 6.634776704259885e-05
 No improvement for 5 epochs.
Epoch 199/500, Train Loss: 0.0803, Train IoU Score: 0.9789, Val Loss: 0.1397,  Val IoU: 0.8733, Time: 25.99 seconds, Epoch 199 , Current LR: 6.605057577231143e-05
 No improvement for 6 epochs.
Epoch 200/500, Train Loss: 0.0789, Train IoU Score: 0.9801, Val Loss: 0.1404,  Val IoU: 0.8586, Time: 26.58 seconds, Epoch 200 , Current LR: 6.575275105016695e-05
 No improvement for 7 epochs.
Epoch 201/500, Train Loss: 0.0776, Train IoU Score: 0.9805, Val Loss: 0.1389,  Val IoU: 0.8846, Time: 26.79 seconds, Epoch 201 , Current LR: 6.54543046337755e-05
 No improvement for 8 epochs.
Epoch 202/500, Train Loss: 0.0766, Train IoU Score: 0.9805, Val Loss: 0.1357,  Val IoU: 0.9135, Time: 26.21 seconds, Epoch 202 , Current LR: 6.515524830529054e-05
 No improvement for 9 epochs.
Epoch 203/500, Train Loss: 0.0758, Train IoU Score: 0.9803, Val Loss: 0.1358,  Val IoU: 0.9052, Time: 27.46 seconds, Epoch 203 , Current LR: 6.485559387094385e-05
 No improvement for 10 epochs.
Epoch 204/500, Train Loss: 0.0749, Train IoU Score: 0.9796, Val Loss: 0.1366,  Val IoU: 0.9022, Time: 26.87 seconds, Epoch 204 , Current LR: 6.455535316057944e-05
 No improvement for 11 epochs.
Epoch 205/500, Train Loss: 0.0738, Train IoU Score: 0.9802, Val Loss: 0.1333,  Val IoU: 0.9072, Time: 26.34 seconds, Epoch 205 , Current LR: 6.425453802718644e-05
 No improvement for 12 epochs.
Epoch 206/500, Train Loss: 0.0732, Train IoU Score: 0.9791, Val Loss: 0.1332,  Val IoU: 0.9018, Time: 27.03 seconds, Epoch 206 , Current LR: 6.395316034643126e-05
 No improvement for 13 epochs.
Epoch 207/500, Train Loss: 0.0720, Train IoU Score: 0.9800, Val Loss: 0.1316,  Val IoU: 0.9103, Time: 26.59 seconds, Epoch 207 , Current LR: 6.365123201618867e-05
 No improvement for 14 epochs.
Epoch 208/500, Train Loss: 0.0709, Train IoU Score: 0.9803, Val Loss: 0.1325,  Val IoU: 0.9088, Time: 25.61 seconds, Epoch 208 , Current LR: 6.334876495607218e-05
 No improvement for 15 epochs.
Epoch 209/500, Train Loss: 0.0698, Train IoU Score: 0.9806, Val Loss: 0.1328,  Val IoU: 0.8957, Time: 27.29 seconds, Epoch 209 , Current LR: 6.304577110696339e-05
 No improvement for 16 epochs.
Epoch 210/500, Train Loss: 0.0690, Train IoU Score: 0.9805, Val Loss: 0.1296,  Val IoU: 0.9123, Time: 27.36 seconds, Epoch 210 , Current LR: 6.27422624305407e-05
 No improvement for 17 epochs.
Epoch 211/500, Train Loss: 0.0684, Train IoU Score: 0.9800, Val Loss: 0.1284,  Val IoU: 0.9085, Time: 25.71 seconds, Epoch 211 , Current LR: 6.24382509088069e-05
 No improvement for 18 epochs.
Epoch 212/500, Train Loss: 0.0671, Train IoU Score: 0.9808, Val Loss: 0.1275,  Val IoU: 0.9124, Time: 25.99 seconds, Epoch 212 , Current LR: 6.21337485436164e-05
 No improvement for 19 epochs.
Epoch 213/500, Train Loss: 0.0663, Train IoU Score: 0.9807, Val Loss: 0.1276,  Val IoU: 0.9099, Time: 26.11 seconds, Epoch 213 , Current LR: 6.182876735620113e-05
 No improvement for 20 epochs.
Epoch 214/500, Train Loss: 0.0653, Train IoU Score: 0.9814, Val Loss: 0.1277,  Val IoU: 0.9058, Time: 26.67 seconds, Epoch 214 , Current LR: 6.152331938669615e-05
 No improvement for 21 epochs.
Epoch 215/500, Train Loss: 0.0642, Train IoU Score: 0.9824, Val Loss: 0.1271,  Val IoU: 0.9069, Time: 25.79 seconds, Epoch 215 , Current LR: 6.121741669366432e-05
 No improvement for 22 epochs.
Epoch 216/500, Train Loss: 0.0638, Train IoU Score: 0.9813, Val Loss: 0.1245,  Val IoU: 0.9159, Time: 26.49 seconds, Epoch 216 , Current LR: 6.091107135362017e-05
Saved new best model at epoch 216 with Val IoU: 0.9159
Epoch 217/500, Train Loss: 0.0628, Train IoU Score: 0.9814, Val Loss: 0.1278,  Val IoU: 0.8896, Time: 25.84 seconds, Epoch 217 , Current LR: 6.060429546055314e-05
 No improvement for 1 epochs.
Epoch 218/500, Train Loss: 0.0619, Train IoU Score: 0.9819, Val Loss: 0.1239,  Val IoU: 0.9090, Time: 26.34 seconds, Epoch 218 , Current LR: 6.0297101125450226e-05
 No improvement for 2 epochs.
Epoch 219/500, Train Loss: 0.0611, Train IoU Score: 0.9823, Val Loss: 0.1242,  Val IoU: 0.8992, Time: 26.58 seconds, Epoch 219 , Current LR: 5.998950047581779e-05
 No improvement for 3 epochs.
Epoch 220/500, Train Loss: 0.0605, Train IoU Score: 0.9814, Val Loss: 0.1242,  Val IoU: 0.9006, Time: 26.37 seconds, Epoch 220 , Current LR: 5.968150565520277e-05
 No improvement for 4 epochs.
Epoch 221/500, Train Loss: 0.0595, Train IoU Score: 0.9825, Val Loss: 0.1230,  Val IoU: 0.8984, Time: 25.30 seconds, Epoch 221 , Current LR: 5.9373128822713316e-05
 No improvement for 5 epochs.
Epoch 222/500, Train Loss: 0.0589, Train IoU Score: 0.9821, Val Loss: 0.1216,  Val IoU: 0.9032, Time: 26.72 seconds, Epoch 222 , Current LR: 5.906438215253875e-05
 No improvement for 6 epochs.
Epoch 223/500, Train Loss: 0.0579, Train IoU Score: 0.9827, Val Loss: 0.1226,  Val IoU: 0.9012, Time: 26.11 seconds, Epoch 223 , Current LR: 5.875527783346895e-05
 No improvement for 7 epochs.
Epoch 224/500, Train Loss: 0.0574, Train IoU Score: 0.9824, Val Loss: 0.1184,  Val IoU: 0.9083, Time: 27.06 seconds, Epoch 224 , Current LR: 5.844582806841314e-05
 No improvement for 8 epochs.
Epoch 225/500, Train Loss: 0.0564, Train IoU Score: 0.9830, Val Loss: 0.1189,  Val IoU: 0.9015, Time: 26.68 seconds, Epoch 225 , Current LR: 5.8136045073918224e-05
 No improvement for 9 epochs.
Epoch 226/500, Train Loss: 0.0560, Train IoU Score: 0.9826, Val Loss: 0.1157,  Val IoU: 0.9164, Time: 27.80 seconds, Epoch 226 , Current LR: 5.7825941079686356e-05
Saved new best model at epoch 226 with Val IoU: 0.9164
Epoch 227/500, Train Loss: 0.0552, Train IoU Score: 0.9829, Val Loss: 0.1170,  Val IoU: 0.9149, Time: 27.58 seconds, Epoch 227 , Current LR: 5.751552832809226e-05
 No improvement for 1 epochs.
Epoch 228/500, Train Loss: 0.0542, Train IoU Score: 0.9837, Val Loss: 0.1155,  Val IoU: 0.9166, Time: 27.34 seconds, Epoch 228 , Current LR: 5.7204819073699866e-05
Saved new best model at epoch 228 with Val IoU: 0.9166
Epoch 229/500, Train Loss: 0.0538, Train IoU Score: 0.9830, Val Loss: 0.1188,  Val IoU: 0.9008, Time: 26.89 seconds, Epoch 229 , Current LR: 5.68938255827785e-05
 No improvement for 1 epochs.
Epoch 230/500, Train Loss: 0.0530, Train IoU Score: 0.9834, Val Loss: 0.1168,  Val IoU: 0.8997, Time: 26.49 seconds, Epoch 230 , Current LR: 5.6582560132818676e-05
 No improvement for 2 epochs.
Epoch 231/500, Train Loss: 0.0526, Train IoU Score: 0.9830, Val Loss: 0.1166,  Val IoU: 0.9085, Time: 27.50 seconds, Epoch 231 , Current LR: 5.6271035012047397e-05
 No improvement for 3 epochs.
Epoch 232/500, Train Loss: 0.0518, Train IoU Score: 0.9835, Val Loss: 0.1178,  Val IoU: 0.7966, Time: 25.83 seconds, Epoch 232 , Current LR: 5.5959262518943017e-05
 No improvement for 4 epochs.
Epoch 233/500, Train Loss: 0.0514, Train IoU Score: 0.9829, Val Loss: 0.1142,  Val IoU: 0.9158, Time: 26.02 seconds, Epoch 233 , Current LR: 5.564725496174971e-05
 No improvement for 5 epochs.
Epoch 234/500, Train Loss: 0.0508, Train IoU Score: 0.9832, Val Loss: 0.1113,  Val IoU: 0.9188, Time: 26.68 seconds, Epoch 234 , Current LR: 5.5335024657991616e-05
Saved new best model at epoch 234 with Val IoU: 0.9188
Epoch 235/500, Train Loss: 0.0501, Train IoU Score: 0.9836, Val Loss: 0.1133,  Val IoU: 0.9045, Time: 26.21 seconds, Epoch 235 , Current LR: 5.502258393398648e-05
 No improvement for 1 epochs.
Epoch 236/500, Train Loss: 0.0493, Train IoU Score: 0.9838, Val Loss: 0.1119,  Val IoU: 0.9143, Time: 28.07 seconds, Epoch 236 , Current LR: 5.470994512435912e-05
 No improvement for 2 epochs.
Epoch 237/500, Train Loss: 0.0492, Train IoU Score: 0.9830, Val Loss: 0.1131,  Val IoU: 0.8695, Time: 26.48 seconds, Epoch 237 , Current LR: 5.439712057155441e-05
 No improvement for 3 epochs.
Epoch 238/500, Train Loss: 0.0482, Train IoU Score: 0.9842, Val Loss: 0.1120,  Val IoU: 0.8897, Time: 27.27 seconds, Epoch 238 , Current LR: 5.4084122625350045e-05
 No improvement for 4 epochs.
Epoch 239/500, Train Loss: 0.0474, Train IoU Score: 0.9847, Val Loss: 0.1115,  Val IoU: 0.9006, Time: 26.54 seconds, Epoch 239 , Current LR: 5.3770963642369e-05
 No improvement for 5 epochs.
Epoch 240/500, Train Loss: 0.0470, Train IoU Score: 0.9840, Val Loss: 0.1138,  Val IoU: 0.9003, Time: 26.80 seconds, Epoch 240 , Current LR: 5.345765598559173e-05
 No improvement for 6 epochs.
Epoch 241/500, Train Loss: 0.0468, Train IoU Score: 0.9833, Val Loss: 0.1122,  Val IoU: 0.9072, Time: 26.38 seconds, Epoch 241 , Current LR: 5.3144212023868024e-05
 No improvement for 7 epochs.
Epoch 242/500, Train Loss: 0.0461, Train IoU Score: 0.9841, Val Loss: 0.1107,  Val IoU: 0.9055, Time: 27.21 seconds, Epoch 242 , Current LR: 5.283064413142881e-05
 No improvement for 8 epochs.
Epoch 243/500, Train Loss: 0.0453, Train IoU Score: 0.9846, Val Loss: 0.1103,  Val IoU: 0.9091, Time: 26.95 seconds, Epoch 243 , Current LR: 5.251696468739758e-05
 No improvement for 9 epochs.
Epoch 244/500, Train Loss: 0.0451, Train IoU Score: 0.9839, Val Loss: 0.1092,  Val IoU: 0.9103, Time: 25.91 seconds, Epoch 244 , Current LR: 5.220318607530165e-05
 No improvement for 10 epochs.
Epoch 245/500, Train Loss: 0.0445, Train IoU Score: 0.9844, Val Loss: 0.1100,  Val IoU: 0.9051, Time: 26.10 seconds, Epoch 245 , Current LR: 5.188932068258337e-05
 No improvement for 11 epochs.
Epoch 246/500, Train Loss: 0.0439, Train IoU Score: 0.9845, Val Loss: 0.1097,  Val IoU: 0.9072, Time: 27.31 seconds, Epoch 246 , Current LR: 5.157538090011102e-05
 No improvement for 12 epochs.
Epoch 247/500, Train Loss: 0.0435, Train IoU Score: 0.9850, Val Loss: 0.1107,  Val IoU: 0.8825, Time: 26.51 seconds, Epoch 247 , Current LR: 5.126137912168965e-05
 No improvement for 13 epochs.
Epoch 248/500, Train Loss: 0.0431, Train IoU Score: 0.9845, Val Loss: 0.1077,  Val IoU: 0.9081, Time: 27.06 seconds, Epoch 248 , Current LR: 5.094732774357183e-05
 No improvement for 14 epochs.
Epoch 249/500, Train Loss: 0.0422, Train IoU Score: 0.9856, Val Loss: 0.1076,  Val IoU: 0.9065, Time: 26.66 seconds, Epoch 249 , Current LR: 5.063323916396821e-05
 No improvement for 15 epochs.
Epoch 250/500, Train Loss: 0.0421, Train IoU Score: 0.9845, Val Loss: 0.1066,  Val IoU: 0.9048, Time: 29.84 seconds, Epoch 250 , Current LR: 5.031912578255812e-05
 No improvement for 16 epochs.
Epoch 251/500, Train Loss: 0.0418, Train IoU Score: 0.9843, Val Loss: 0.1056,  Val IoU: 0.9133, Time: 26.46 seconds, Epoch 251 , Current LR: 5.000499999999999e-05
 No improvement for 17 epochs.
Epoch 252/500, Train Loss: 0.0408, Train IoU Score: 0.9854, Val Loss: 0.1059,  Val IoU: 0.9131, Time: 26.31 seconds, Epoch 252 , Current LR: 4.969087421744187e-05
 No improvement for 18 epochs.
Epoch 253/500, Train Loss: 0.0404, Train IoU Score: 0.9856, Val Loss: 0.1063,  Val IoU: 0.9094, Time: 34.70 seconds, Epoch 253 , Current LR: 4.937676083603177e-05
 No improvement for 19 epochs.
Epoch 254/500, Train Loss: 0.0403, Train IoU Score: 0.9849, Val Loss: 0.1067,  Val IoU: 0.9002, Time: 27.51 seconds, Epoch 254 , Current LR: 4.906267225642815e-05
 No improvement for 20 epochs.
Epoch 255/500, Train Loss: 0.0396, Train IoU Score: 0.9857, Val Loss: 0.1037,  Val IoU: 0.9109, Time: 26.72 seconds, Epoch 255 , Current LR: 4.8748620878310334e-05
 No improvement for 21 epochs.
Epoch 256/500, Train Loss: 0.0393, Train IoU Score: 0.9851, Val Loss: 0.1032,  Val IoU: 0.9162, Time: 27.37 seconds, Epoch 256 , Current LR: 4.8434619099888967e-05
 No improvement for 22 epochs.
Epoch 257/500, Train Loss: 0.0388, Train IoU Score: 0.9856, Val Loss: 0.1037,  Val IoU: 0.9109, Time: 27.41 seconds, Epoch 257 , Current LR: 4.812067931741661e-05
 No improvement for 23 epochs.
Epoch 258/500, Train Loss: 0.0384, Train IoU Score: 0.9858, Val Loss: 0.1033,  Val IoU: 0.9068, Time: 27.32 seconds, Epoch 258 , Current LR: 4.780681392469835e-05
 No improvement for 24 epochs.
Epoch 259/500, Train Loss: 0.0379, Train IoU Score: 0.9863, Val Loss: 0.1018,  Val IoU: 0.9124, Time: 26.74 seconds, Epoch 259 , Current LR: 4.749303531260242e-05
 No improvement for 25 epochs.
Epoch 260/500, Train Loss: 0.0373, Train IoU Score: 0.9864, Val Loss: 0.1016,  Val IoU: 0.9134, Time: 26.48 seconds, Epoch 260 , Current LR: 4.717935586857118e-05
 No improvement for 26 epochs.
Epoch 261/500, Train Loss: 0.0369, Train IoU Score: 0.9867, Val Loss: 0.1025,  Val IoU: 0.9148, Time: 25.93 seconds, Epoch 261 , Current LR: 4.686578797613198e-05
 No improvement for 27 epochs.
Epoch 262/500, Train Loss: 0.0371, Train IoU Score: 0.9852, Val Loss: 0.1015,  Val IoU: 0.9146, Time: 26.13 seconds, Epoch 262 , Current LR: 4.6552344014408286e-05
 No improvement for 28 epochs.
Epoch 263/500, Train Loss: 0.0363, Train IoU Score: 0.9864, Val Loss: 0.0985,  Val IoU: 0.9230, Time: 27.77 seconds, Epoch 263 , Current LR: 4.623903635763099e-05
Saved new best model at epoch 263 with Val IoU: 0.9230
Epoch 264/500, Train Loss: 0.0358, Train IoU Score: 0.9867, Val Loss: 0.1002,  Val IoU: 0.9165, Time: 27.07 seconds, Epoch 264 , Current LR: 4.5925877374649954e-05
 No improvement for 1 epochs.
Epoch 265/500, Train Loss: 0.0356, Train IoU Score: 0.9865, Val Loss: 0.0995,  Val IoU: 0.9173, Time: 27.03 seconds, Epoch 265 , Current LR: 4.561287942844559e-05
 No improvement for 2 epochs.
Epoch 266/500, Train Loss: 0.0355, Train IoU Score: 0.9857, Val Loss: 0.0980,  Val IoU: 0.9187, Time: 26.67 seconds, Epoch 266 , Current LR: 4.530005487564087e-05
 No improvement for 3 epochs.
Epoch 267/500, Train Loss: 0.0348, Train IoU Score: 0.9866, Val Loss: 0.1006,  Val IoU: 0.9140, Time: 27.14 seconds, Epoch 267 , Current LR: 4.498741606601351e-05
 No improvement for 4 epochs.
Epoch 268/500, Train Loss: 0.0344, Train IoU Score: 0.9867, Val Loss: 0.1006,  Val IoU: 0.9160, Time: 27.19 seconds, Epoch 268 , Current LR: 4.467497534200838e-05
 No improvement for 5 epochs.
Epoch 269/500, Train Loss: 0.0343, Train IoU Score: 0.9861, Val Loss: 0.0990,  Val IoU: 0.9169, Time: 26.25 seconds, Epoch 269 , Current LR: 4.436274503825028e-05
 No improvement for 6 epochs.
Epoch 270/500, Train Loss: 0.0337, Train IoU Score: 0.9872, Val Loss: 0.0974,  Val IoU: 0.9194, Time: 26.56 seconds, Epoch 270 , Current LR: 4.405073748105699e-05
 No improvement for 7 epochs.
Epoch 271/500, Train Loss: 0.0334, Train IoU Score: 0.9871, Val Loss: 0.0988,  Val IoU: 0.9117, Time: 26.90 seconds, Epoch 271 , Current LR: 4.373896498795261e-05
 No improvement for 8 epochs.
Epoch 272/500, Train Loss: 0.0329, Train IoU Score: 0.9875, Val Loss: 0.0974,  Val IoU: 0.9215, Time: 26.11 seconds, Epoch 272 , Current LR: 4.342743986718133e-05
 No improvement for 9 epochs.
Epoch 273/500, Train Loss: 0.0328, Train IoU Score: 0.9870, Val Loss: 0.0974,  Val IoU: 0.9180, Time: 27.05 seconds, Epoch 273 , Current LR: 4.3116174417221516e-05
 No improvement for 10 epochs.
Epoch 274/500, Train Loss: 0.0324, Train IoU Score: 0.9873, Val Loss: 0.0982,  Val IoU: 0.9111, Time: 26.82 seconds, Epoch 274 , Current LR: 4.280518092630014e-05
 No improvement for 11 epochs.
Epoch 275/500, Train Loss: 0.0320, Train IoU Score: 0.9878, Val Loss: 0.0958,  Val IoU: 0.9238, Time: 27.13 seconds, Epoch 275 , Current LR: 4.249447167190774e-05
Saved new best model at epoch 275 with Val IoU: 0.9238
Epoch 276/500, Train Loss: 0.0317, Train IoU Score: 0.9876, Val Loss: 0.0968,  Val IoU: 0.9170, Time: 27.28 seconds, Epoch 276 , Current LR: 4.218405892031365e-05
 No improvement for 1 epochs.
Epoch 277/500, Train Loss: 0.0313, Train IoU Score: 0.9880, Val Loss: 0.0969,  Val IoU: 0.9164, Time: 25.55 seconds, Epoch 277 , Current LR: 4.187395492608178e-05
 No improvement for 2 epochs.
Epoch 278/500, Train Loss: 0.0311, Train IoU Score: 0.9878, Val Loss: 0.0981,  Val IoU: 0.9047, Time: 26.03 seconds, Epoch 278 , Current LR: 4.156417193158686e-05
 No improvement for 3 epochs.
Epoch 279/500, Train Loss: 0.0308, Train IoU Score: 0.9878, Val Loss: 0.0953,  Val IoU: 0.9170, Time: 26.77 seconds, Epoch 279 , Current LR: 4.1254722166531065e-05
 No improvement for 4 epochs.
Epoch 280/500, Train Loss: 0.0304, Train IoU Score: 0.9881, Val Loss: 0.0970,  Val IoU: 0.9137, Time: 26.52 seconds, Epoch 280 , Current LR: 4.094561784746126e-05
 No improvement for 5 epochs.
Epoch 281/500, Train Loss: 0.0301, Train IoU Score: 0.9882, Val Loss: 0.0942,  Val IoU: 0.9211, Time: 26.67 seconds, Epoch 281 , Current LR: 4.0636871177286684e-05
 No improvement for 6 epochs.
Epoch 282/500, Train Loss: 0.0299, Train IoU Score: 0.9881, Val Loss: 0.0959,  Val IoU: 0.9160, Time: 27.57 seconds, Epoch 282 , Current LR: 4.032849434479724e-05
 No improvement for 7 epochs.
Epoch 283/500, Train Loss: 0.0296, Train IoU Score: 0.9881, Val Loss: 0.0946,  Val IoU: 0.9202, Time: 26.50 seconds, Epoch 283 , Current LR: 4.002049952418221e-05
 No improvement for 8 epochs.
Epoch 284/500, Train Loss: 0.0293, Train IoU Score: 0.9883, Val Loss: 0.0945,  Val IoU: 0.9188, Time: 26.42 seconds, Epoch 284 , Current LR: 3.971289887454976e-05
 No improvement for 9 epochs.
Epoch 285/500, Train Loss: 0.0290, Train IoU Score: 0.9885, Val Loss: 0.0940,  Val IoU: 0.9216, Time: 27.01 seconds, Epoch 285 , Current LR: 3.940570453944686e-05
 No improvement for 10 epochs.
Epoch 286/500, Train Loss: 0.0289, Train IoU Score: 0.9882, Val Loss: 0.0938,  Val IoU: 0.9194, Time: 27.43 seconds, Epoch 286 , Current LR: 3.9098928646379844e-05
 No improvement for 11 epochs.
Epoch 287/500, Train Loss: 0.0287, Train IoU Score: 0.9881, Val Loss: 0.0962,  Val IoU: 0.9115, Time: 26.16 seconds, Epoch 287 , Current LR: 3.879258330633567e-05
 No improvement for 12 epochs.
Epoch 288/500, Train Loss: 0.0285, Train IoU Score: 0.9878, Val Loss: 0.0927,  Val IoU: 0.9219, Time: 27.37 seconds, Epoch 288 , Current LR: 3.8486680613303845e-05
 No improvement for 13 epochs.
Epoch 289/500, Train Loss: 0.0280, Train IoU Score: 0.9886, Val Loss: 0.0941,  Val IoU: 0.9180, Time: 26.66 seconds, Epoch 289 , Current LR: 3.818123264379887e-05
 No improvement for 14 epochs.
Epoch 290/500, Train Loss: 0.0278, Train IoU Score: 0.9885, Val Loss: 0.0936,  Val IoU: 0.9212, Time: 26.93 seconds, Epoch 290 , Current LR: 3.787625145638359e-05
 No improvement for 15 epochs.
Epoch 291/500, Train Loss: 0.0274, Train IoU Score: 0.9891, Val Loss: 0.0945,  Val IoU: 0.9128, Time: 26.66 seconds, Epoch 291 , Current LR: 3.757174909119308e-05
 No improvement for 16 epochs.
Epoch 292/500, Train Loss: 0.0273, Train IoU Score: 0.9887, Val Loss: 0.0945,  Val IoU: 0.9098, Time: 26.31 seconds, Epoch 292 , Current LR: 3.72677375694593e-05
 No improvement for 17 epochs.
Epoch 293/500, Train Loss: 0.0268, Train IoU Score: 0.9893, Val Loss: 0.0936,  Val IoU: 0.9168, Time: 26.34 seconds, Epoch 293 , Current LR: 3.6964228893036585e-05
 No improvement for 18 epochs.
Epoch 294/500, Train Loss: 0.0267, Train IoU Score: 0.9892, Val Loss: 0.0923,  Val IoU: 0.9203, Time: 26.93 seconds, Epoch 294 , Current LR: 3.6661235043927816e-05
 No improvement for 19 epochs.
Epoch 295/500, Train Loss: 0.0263, Train IoU Score: 0.9895, Val Loss: 0.0926,  Val IoU: 0.9181, Time: 27.28 seconds, Epoch 295 , Current LR: 3.63587679838113e-05
 No improvement for 20 epochs.
Epoch 296/500, Train Loss: 0.0263, Train IoU Score: 0.9891, Val Loss: 0.0923,  Val IoU: 0.9166, Time: 28.32 seconds, Epoch 296 , Current LR: 3.605683965356871e-05
 No improvement for 21 epochs.
Epoch 297/500, Train Loss: 0.0261, Train IoU Score: 0.9891, Val Loss: 0.0931,  Val IoU: 0.9150, Time: 26.70 seconds, Epoch 297 , Current LR: 3.5755461972813525e-05
 No improvement for 22 epochs.
Epoch 298/500, Train Loss: 0.0258, Train IoU Score: 0.9891, Val Loss: 0.0916,  Val IoU: 0.9138, Time: 27.10 seconds, Epoch 298 , Current LR: 3.545464683942053e-05
 No improvement for 23 epochs.
Epoch 299/500, Train Loss: 0.0256, Train IoU Score: 0.9893, Val Loss: 0.0914,  Val IoU: 0.9128, Time: 27.76 seconds, Epoch 299 , Current LR: 3.5154406129056115e-05
 No improvement for 24 epochs.
Epoch 300/500, Train Loss: 0.0253, Train IoU Score: 0.9896, Val Loss: 0.0899,  Val IoU: 0.9223, Time: 26.57 seconds, Epoch 300 , Current LR: 3.485475169470945e-05
 No improvement for 25 epochs.
Epoch 301/500, Train Loss: 0.0252, Train IoU Score: 0.9896, Val Loss: 0.0923,  Val IoU: 0.9132, Time: 27.43 seconds, Epoch 301 , Current LR: 3.4555695366224485e-05
 No improvement for 26 epochs.
Epoch 302/500, Train Loss: 0.0249, Train IoU Score: 0.9897, Val Loss: 0.0919,  Val IoU: 0.9091, Time: 27.15 seconds, Epoch 302 , Current LR: 3.425724894983302e-05
 No improvement for 27 epochs.
Epoch 303/500, Train Loss: 0.0247, Train IoU Score: 0.9898, Val Loss: 0.0931,  Val IoU: 0.9131, Time: 26.31 seconds, Epoch 303 , Current LR: 3.3959424227688546e-05
 No improvement for 28 epochs.
Epoch 304/500, Train Loss: 0.0246, Train IoU Score: 0.9896, Val Loss: 0.0915,  Val IoU: 0.9186, Time: 27.81 seconds, Epoch 304 , Current LR: 3.3662232957401136e-05
 No improvement for 29 epochs.
Epoch 305/500, Train Loss: 0.0243, Train IoU Score: 0.9898, Val Loss: 0.0910,  Val IoU: 0.9156, Time: 26.42 seconds, Epoch 305 , Current LR: 3.336568687157327e-05
 No improvement for 30 epochs.
Epoch 306/500, Train Loss: 0.0242, Train IoU Score: 0.9898, Val Loss: 0.0892,  Val IoU: 0.9248, Time: 27.32 seconds, Epoch 306 , Current LR: 3.306979767733664e-05
Saved new best model at epoch 306 with Val IoU: 0.9248
Epoch 307/500, Train Loss: 0.0239, Train IoU Score: 0.9900, Val Loss: 0.0903,  Val IoU: 0.9050, Time: 27.82 seconds, Epoch 307 , Current LR: 3.277457705589e-05
 No improvement for 1 epochs.
Epoch 308/500, Train Loss: 0.0237, Train IoU Score: 0.9903, Val Loss: 0.0911,  Val IoU: 0.9090, Time: 27.57 seconds, Epoch 308 , Current LR: 3.248003666203798e-05
 No improvement for 2 epochs.
Epoch 309/500, Train Loss: 0.0235, Train IoU Score: 0.9903, Val Loss: 0.0904,  Val IoU: 0.9148, Time: 26.77 seconds, Epoch 309 , Current LR: 3.2186188123731016e-05
 No improvement for 3 epochs.
Epoch 310/500, Train Loss: 0.0232, Train IoU Score: 0.9903, Val Loss: 0.0902,  Val IoU: 0.9195, Time: 29.00 seconds, Epoch 310 , Current LR: 3.189304304160622e-05
 No improvement for 4 epochs.
Epoch 311/500, Train Loss: 0.0231, Train IoU Score: 0.9903, Val Loss: 0.0897,  Val IoU: 0.9091, Time: 27.09 seconds, Epoch 311 , Current LR: 3.1600612988529506e-05
 No improvement for 5 epochs.
Epoch 312/500, Train Loss: 0.0230, Train IoU Score: 0.9902, Val Loss: 0.0913,  Val IoU: 0.9107, Time: 27.07 seconds, Epoch 312 , Current LR: 3.1308909509138656e-05
 No improvement for 6 epochs.
Epoch 313/500, Train Loss: 0.0230, Train IoU Score: 0.9898, Val Loss: 0.0894,  Val IoU: 0.9121, Time: 26.70 seconds, Epoch 313 , Current LR: 3.101794411938754e-05
 No improvement for 7 epochs.
Epoch 314/500, Train Loss: 0.0227, Train IoU Score: 0.9901, Val Loss: 0.0903,  Val IoU: 0.9103, Time: 25.83 seconds, Epoch 314 , Current LR: 3.072772830609154e-05
 No improvement for 8 epochs.
Epoch 315/500, Train Loss: 0.0224, Train IoU Score: 0.9905, Val Loss: 0.0890,  Val IoU: 0.9174, Time: 26.76 seconds, Epoch 315 , Current LR: 3.0438273526474052e-05
 No improvement for 9 epochs.
Epoch 316/500, Train Loss: 0.0223, Train IoU Score: 0.9905, Val Loss: 0.0901,  Val IoU: 0.9125, Time: 36.67 seconds, Epoch 316 , Current LR: 3.0149591207714114e-05
 No improvement for 10 epochs.
Epoch 317/500, Train Loss: 0.0220, Train IoU Score: 0.9908, Val Loss: 0.0915,  Val IoU: 0.9119, Time: 26.74 seconds, Epoch 317 , Current LR: 2.9861692746495412e-05
 No improvement for 11 epochs.
Epoch 318/500, Train Loss: 0.0220, Train IoU Score: 0.9906, Val Loss: 0.0887,  Val IoU: 0.9180, Time: 26.90 seconds, Epoch 318 , Current LR: 2.9574589508556213e-05
 No improvement for 12 epochs.
Epoch 319/500, Train Loss: 0.0217, Train IoU Score: 0.9907, Val Loss: 0.0907,  Val IoU: 0.9106, Time: 26.38 seconds, Epoch 319 , Current LR: 2.928829282824074e-05
 No improvement for 13 epochs.
Epoch 320/500, Train Loss: 0.0216, Train IoU Score: 0.9908, Val Loss: 0.0886,  Val IoU: 0.9195, Time: 27.30 seconds, Epoch 320 , Current LR: 2.9002814008051724e-05
 No improvement for 14 epochs.
Epoch 321/500, Train Loss: 0.0215, Train IoU Score: 0.9909, Val Loss: 0.0886,  Val IoU: 0.9157, Time: 28.02 seconds, Epoch 321 , Current LR: 2.871816431820417e-05
 No improvement for 15 epochs.
Epoch 322/500, Train Loss: 0.0213, Train IoU Score: 0.9909, Val Loss: 0.0889,  Val IoU: 0.9181, Time: 25.97 seconds, Epoch 322 , Current LR: 2.843435499618045e-05
 No improvement for 16 epochs.
Epoch 323/500, Train Loss: 0.0212, Train IoU Score: 0.9908, Val Loss: 0.0884,  Val IoU: 0.9172, Time: 27.20 seconds, Epoch 323 , Current LR: 2.81513972462866e-05
 No improvement for 17 epochs.
Epoch 324/500, Train Loss: 0.0211, Train IoU Score: 0.9908, Val Loss: 0.0913,  Val IoU: 0.8946, Time: 27.44 seconds, Epoch 324 , Current LR: 2.7869302239210107e-05
 No improvement for 18 epochs.
Epoch 325/500, Train Loss: 0.0211, Train IoU Score: 0.9905, Val Loss: 0.0885,  Val IoU: 0.9127, Time: 26.42 seconds, Epoch 325 , Current LR: 2.7588081111578826e-05
 No improvement for 19 epochs.
Epoch 326/500, Train Loss: 0.0208, Train IoU Score: 0.9908, Val Loss: 0.0892,  Val IoU: 0.9133, Time: 28.87 seconds, Epoch 326 , Current LR: 2.730774496552134e-05
 No improvement for 20 epochs.
Epoch 327/500, Train Loss: 0.0206, Train IoU Score: 0.9908, Val Loss: 0.0874,  Val IoU: 0.9112, Time: 27.80 seconds, Epoch 327 , Current LR: 2.7028304868228698e-05
 No improvement for 21 epochs.
Epoch 328/500, Train Loss: 0.0203, Train IoU Score: 0.9914, Val Loss: 0.0871,  Val IoU: 0.9159, Time: 26.74 seconds, Epoch 328 , Current LR: 2.674977185151745e-05
 No improvement for 22 epochs.
Epoch 329/500, Train Loss: 0.0203, Train IoU Score: 0.9912, Val Loss: 0.0890,  Val IoU: 0.8925, Time: 26.01 seconds, Epoch 329 , Current LR: 2.6472156911394197e-05
 No improvement for 23 epochs.
Epoch 330/500, Train Loss: 0.0202, Train IoU Score: 0.9911, Val Loss: 0.0862,  Val IoU: 0.9238, Time: 26.79 seconds, Epoch 330 , Current LR: 2.619547100762136e-05
 No improvement for 24 epochs.
Epoch 331/500, Train Loss: 0.0200, Train IoU Score: 0.9914, Val Loss: 0.0867,  Val IoU: 0.9199, Time: 26.77 seconds, Epoch 331 , Current LR: 2.5919725063284742e-05
 No improvement for 25 epochs.
Epoch 332/500, Train Loss: 0.0198, Train IoU Score: 0.9918, Val Loss: 0.0858,  Val IoU: 0.9247, Time: 25.83 seconds, Epoch 332 , Current LR: 2.5644929964362005e-05
 No improvement for 26 epochs.
Epoch 333/500, Train Loss: 0.0197, Train IoU Score: 0.9916, Val Loss: 0.0856,  Val IoU: 0.9209, Time: 27.16 seconds, Epoch 333 , Current LR: 2.5371096559293135e-05
 No improvement for 27 epochs.
Epoch 334/500, Train Loss: 0.0195, Train IoU Score: 0.9917, Val Loss: 0.0857,  Val IoU: 0.9227, Time: 28.88 seconds, Epoch 334 , Current LR: 2.509823565855214e-05
 No improvement for 28 epochs.
Epoch 335/500, Train Loss: 0.0193, Train IoU Score: 0.9921, Val Loss: 0.0879,  Val IoU: 0.9112, Time: 28.42 seconds, Epoch 335 , Current LR: 2.482635803422012e-05
 No improvement for 29 epochs.
Epoch 336/500, Train Loss: 0.0192, Train IoU Score: 0.9920, Val Loss: 0.0865,  Val IoU: 0.9182, Time: 26.86 seconds, Epoch 336 , Current LR: 2.4555474419560167e-05
 No improvement for 30 epochs.
Epoch 337/500, Train Loss: 0.0191, Train IoU Score: 0.9921, Val Loss: 0.0846,  Val IoU: 0.9240, Time: 27.81 seconds, Epoch 337 , Current LR: 2.428559550859356e-05
 No improvement for 31 epochs.
Epoch 338/500, Train Loss: 0.0190, Train IoU Score: 0.9920, Val Loss: 0.0857,  Val IoU: 0.9250, Time: 28.99 seconds, Epoch 338 , Current LR: 2.4016731955677623e-05
Saved new best model at epoch 338 with Val IoU: 0.9250
Epoch 339/500, Train Loss: 0.0189, Train IoU Score: 0.9920, Val Loss: 0.0863,  Val IoU: 0.9215, Time: 26.93 seconds, Epoch 339 , Current LR: 2.3748894375084996e-05
 No improvement for 1 epochs.
Epoch 340/500, Train Loss: 0.0187, Train IoU Score: 0.9922, Val Loss: 0.0871,  Val IoU: 0.9147, Time: 28.58 seconds, Epoch 340 , Current LR: 2.3482093340584824e-05
 No improvement for 2 epochs.
Epoch 341/500, Train Loss: 0.0187, Train IoU Score: 0.9922, Val Loss: 0.0864,  Val IoU: 0.9204, Time: 28.28 seconds, Epoch 341 , Current LR: 2.3216339385025057e-05
 No improvement for 3 epochs.
Epoch 342/500, Train Loss: 0.0185, Train IoU Score: 0.9924, Val Loss: 0.0850,  Val IoU: 0.9211, Time: 26.40 seconds, Epoch 342 , Current LR: 2.2951642999916828e-05
 No improvement for 4 epochs.
Epoch 343/500, Train Loss: 0.0185, Train IoU Score: 0.9922, Val Loss: 0.0857,  Val IoU: 0.9193, Time: 26.90 seconds, Epoch 343 , Current LR: 2.2688014635020203e-05
 No improvement for 5 epochs.
Epoch 344/500, Train Loss: 0.0184, Train IoU Score: 0.9923, Val Loss: 0.0857,  Val IoU: 0.9167, Time: 27.43 seconds, Epoch 344 , Current LR: 2.2425464697931617e-05
 No improvement for 6 epochs.
Epoch 345/500, Train Loss: 0.0182, Train IoU Score: 0.9923, Val Loss: 0.0855,  Val IoU: 0.9187, Time: 28.40 seconds, Epoch 345 , Current LR: 2.216400355367302e-05
 No improvement for 7 epochs.
Epoch 346/500, Train Loss: 0.0181, Train IoU Score: 0.9923, Val Loss: 0.0847,  Val IoU: 0.9206, Time: 27.17 seconds, Epoch 346 , Current LR: 2.190364152428271e-05
 No improvement for 8 epochs.
Epoch 347/500, Train Loss: 0.0180, Train IoU Score: 0.9925, Val Loss: 0.0850,  Val IoU: 0.9173, Time: 26.75 seconds, Epoch 347 , Current LR: 2.1644388888407802e-05
 No improvement for 9 epochs.
Epoch 348/500, Train Loss: 0.0179, Train IoU Score: 0.9924, Val Loss: 0.0854,  Val IoU: 0.9189, Time: 27.40 seconds, Epoch 348 , Current LR: 2.1386255880898404e-05
 No improvement for 10 epochs.
Epoch 349/500, Train Loss: 0.0177, Train IoU Score: 0.9927, Val Loss: 0.0850,  Val IoU: 0.9225, Time: 28.60 seconds, Epoch 349 , Current LR: 2.112925269240372e-05
 No improvement for 11 epochs.
Epoch 350/500, Train Loss: 0.0176, Train IoU Score: 0.9928, Val Loss: 0.0857,  Val IoU: 0.9219, Time: 27.43 seconds, Epoch 350 , Current LR: 2.0873389468969528e-05
 No improvement for 12 epochs.
Epoch 351/500, Train Loss: 0.0176, Train IoU Score: 0.9926, Val Loss: 0.0845,  Val IoU: 0.9213, Time: 26.93 seconds, Epoch 351 , Current LR: 2.061867631163779e-05
 No improvement for 13 epochs.
Epoch 352/500, Train Loss: 0.0174, Train IoU Score: 0.9929, Val Loss: 0.0846,  Val IoU: 0.9185, Time: 27.19 seconds, Epoch 352 , Current LR: 2.0365123276047823e-05
 No improvement for 14 epochs.
Epoch 353/500, Train Loss: 0.0175, Train IoU Score: 0.9925, Val Loss: 0.0840,  Val IoU: 0.9205, Time: 27.49 seconds, Epoch 353 , Current LR: 2.011274037203934e-05
 No improvement for 15 epochs.
Epoch 354/500, Train Loss: 0.0173, Train IoU Score: 0.9925, Val Loss: 0.0838,  Val IoU: 0.9202, Time: 27.47 seconds, Epoch 354 , Current LR: 1.9861537563257185e-05
 No improvement for 16 epochs.
Epoch 355/500, Train Loss: 0.0171, Train IoU Score: 0.9930, Val Loss: 0.0836,  Val IoU: 0.9227, Time: 26.62 seconds, Epoch 355 , Current LR: 1.961152476675818e-05
 No improvement for 17 epochs.
Epoch 356/500, Train Loss: 0.0171, Train IoU Score: 0.9930, Val Loss: 0.0835,  Val IoU: 0.9237, Time: 26.78 seconds, Epoch 356 , Current LR: 1.9362711852619435e-05
 No improvement for 18 epochs.
Epoch 357/500, Train Loss: 0.0169, Train IoU Score: 0.9932, Val Loss: 0.0842,  Val IoU: 0.9161, Time: 26.77 seconds, Epoch 357 , Current LR: 1.9115108643548706e-05
 No improvement for 19 epochs.
Epoch 358/500, Train Loss: 0.0169, Train IoU Score: 0.9931, Val Loss: 0.0845,  Val IoU: 0.9152, Time: 26.47 seconds, Epoch 358 , Current LR: 1.8868724914496804e-05
 No improvement for 20 epochs.
Epoch 359/500, Train Loss: 0.0167, Train IoU Score: 0.9932, Val Loss: 0.0840,  Val IoU: 0.9183, Time: 30.52 seconds, Epoch 359 , Current LR: 1.8623570392271417e-05
 No improvement for 21 epochs.
Epoch 360/500, Train Loss: 0.0167, Train IoU Score: 0.9933, Val Loss: 0.0839,  Val IoU: 0.9219, Time: 27.97 seconds, Epoch 360 , Current LR: 1.8379654755153326e-05
 No improvement for 22 epochs.
Epoch 361/500, Train Loss: 0.0166, Train IoU Score: 0.9931, Val Loss: 0.0840,  Val IoU: 0.9166, Time: 27.98 seconds, Epoch 361 , Current LR: 1.8136987632514237e-05
 No improvement for 23 epochs.
Epoch 362/500, Train Loss: 0.0166, Train IoU Score: 0.9930, Val Loss: 0.0839,  Val IoU: 0.9145, Time: 27.96 seconds, Epoch 362 , Current LR: 1.789557860443666e-05
 No improvement for 24 epochs.
Epoch 363/500, Train Loss: 0.0165, Train IoU Score: 0.9931, Val Loss: 0.0827,  Val IoU: 0.9226, Time: 27.23 seconds, Epoch 363 , Current LR: 1.7655437201335606e-05
 No improvement for 25 epochs.
Epoch 364/500, Train Loss: 0.0164, Train IoU Score: 0.9933, Val Loss: 0.0829,  Val IoU: 0.9204, Time: 27.67 seconds, Epoch 364 , Current LR: 1.741657290358254e-05
 No improvement for 26 epochs.
Epoch 365/500, Train Loss: 0.0163, Train IoU Score: 0.9934, Val Loss: 0.0820,  Val IoU: 0.9218, Time: 27.01 seconds, Epoch 365 , Current LR: 1.7178995141130928e-05
 No improvement for 27 epochs.
Epoch 366/500, Train Loss: 0.0163, Train IoU Score: 0.9932, Val Loss: 0.0827,  Val IoU: 0.9223, Time: 26.91 seconds, Epoch 366 , Current LR: 1.6942713293143993e-05
 No improvement for 28 epochs.
Epoch 367/500, Train Loss: 0.0161, Train IoU Score: 0.9934, Val Loss: 0.0830,  Val IoU: 0.9189, Time: 28.89 seconds, Epoch 367 , Current LR: 1.670773668762457e-05
 No improvement for 29 epochs.
Epoch 368/500, Train Loss: 0.0161, Train IoU Score: 0.9934, Val Loss: 0.0830,  Val IoU: 0.9205, Time: 28.49 seconds, Epoch 368 , Current LR: 1.6474074601046662e-05
 No improvement for 30 epochs.
Epoch 369/500, Train Loss: 0.0159, Train IoU Score: 0.9936, Val Loss: 0.0829,  Val IoU: 0.9210, Time: 26.89 seconds, Epoch 369 , Current LR: 1.6241736257989362e-05
 No improvement for 31 epochs.
Epoch 370/500, Train Loss: 0.0159, Train IoU Score: 0.9935, Val Loss: 0.0813,  Val IoU: 0.9247, Time: 28.17 seconds, Epoch 370 , Current LR: 1.601073083077263e-05
 No improvement for 32 epochs.
Epoch 371/500, Train Loss: 0.0158, Train IoU Score: 0.9936, Val Loss: 0.0826,  Val IoU: 0.9235, Time: 26.76 seconds, Epoch 371 , Current LR: 1.5781067439095202e-05
 No improvement for 33 epochs.
Epoch 372/500, Train Loss: 0.0157, Train IoU Score: 0.9937, Val Loss: 0.0825,  Val IoU: 0.9219, Time: 27.48 seconds, Epoch 372 , Current LR: 1.5552755149674487e-05
 No improvement for 34 epochs.
Epoch 373/500, Train Loss: 0.0156, Train IoU Score: 0.9938, Val Loss: 0.0834,  Val IoU: 0.9204, Time: 28.37 seconds, Epoch 373 , Current LR: 1.5325802975888804e-05
 No improvement for 35 epochs.
Epoch 374/500, Train Loss: 0.0156, Train IoU Score: 0.9937, Val Loss: 0.0827,  Val IoU: 0.9215, Time: 26.82 seconds, Epoch 374 , Current LR: 1.5100219877421322e-05
 No improvement for 36 epochs.
Epoch 375/500, Train Loss: 0.0156, Train IoU Score: 0.9937, Val Loss: 0.0826,  Val IoU: 0.9226, Time: 26.90 seconds, Epoch 375 , Current LR: 1.4876014759906504e-05
 No improvement for 37 epochs.
Epoch 376/500, Train Loss: 0.0154, Train IoU Score: 0.9938, Val Loss: 0.0828,  Val IoU: 0.9216, Time: 26.35 seconds, Epoch 376 , Current LR: 1.465319647457854e-05
 No improvement for 38 epochs.
Epoch 377/500, Train Loss: 0.0154, Train IoU Score: 0.9938, Val Loss: 0.0820,  Val IoU: 0.9258, Time: 27.28 seconds, Epoch 377 , Current LR: 1.4431773817921759e-05
Saved new best model at epoch 377 with Val IoU: 0.9258
Epoch 378/500, Train Loss: 0.0153, Train IoU Score: 0.9938, Val Loss: 0.0816,  Val IoU: 0.9249, Time: 27.22 seconds, Epoch 378 , Current LR: 1.4211755531323527e-05
 No improvement for 1 epochs.
Epoch 379/500, Train Loss: 0.0153, Train IoU Score: 0.9939, Val Loss: 0.0821,  Val IoU: 0.9233, Time: 27.63 seconds, Epoch 379 , Current LR: 1.3993150300729072e-05
 No improvement for 2 epochs.
Epoch 380/500, Train Loss: 0.0152, Train IoU Score: 0.9941, Val Loss: 0.0810,  Val IoU: 0.9258, Time: 27.59 seconds, Epoch 380 , Current LR: 1.377596675629859e-05
 No improvement for 3 epochs.
Epoch 381/500, Train Loss: 0.0151, Train IoU Score: 0.9940, Val Loss: 0.0813,  Val IoU: 0.9246, Time: 26.43 seconds, Epoch 381 , Current LR: 1.3560213472066503e-05
 No improvement for 4 epochs.
Epoch 382/500, Train Loss: 0.0151, Train IoU Score: 0.9940, Val Loss: 0.0821,  Val IoU: 0.9210, Time: 31.38 seconds, Epoch 382 , Current LR: 1.3345898965603101e-05
 No improvement for 5 epochs.
Epoch 383/500, Train Loss: 0.0150, Train IoU Score: 0.9942, Val Loss: 0.0829,  Val IoU: 0.9179, Time: 27.49 seconds, Epoch 383 , Current LR: 1.313303169767808e-05
 No improvement for 6 epochs.
Epoch 384/500, Train Loss: 0.0149, Train IoU Score: 0.9942, Val Loss: 0.0821,  Val IoU: 0.9216, Time: 35.78 seconds, Epoch 384 , Current LR: 1.2921620071926719e-05
 No improvement for 7 epochs.
Epoch 385/500, Train Loss: 0.0149, Train IoU Score: 0.9941, Val Loss: 0.0818,  Val IoU: 0.9247, Time: 26.77 seconds, Epoch 385 , Current LR: 1.2711672434517996e-05
 No improvement for 8 epochs.
Epoch 386/500, Train Loss: 0.0148, Train IoU Score: 0.9942, Val Loss: 0.0816,  Val IoU: 0.9223, Time: 28.06 seconds, Epoch 386 , Current LR: 1.2503197073825153e-05
 No improvement for 9 epochs.
Epoch 387/500, Train Loss: 0.0148, Train IoU Score: 0.9943, Val Loss: 0.0815,  Val IoU: 0.9219, Time: 29.38 seconds, Epoch 387 , Current LR: 1.2296202220098467e-05
 No improvement for 10 epochs.
Epoch 388/500, Train Loss: 0.0147, Train IoU Score: 0.9944, Val Loss: 0.0821,  Val IoU: 0.9198, Time: 27.46 seconds, Epoch 388 , Current LR: 1.2090696045140329e-05
 No improvement for 11 epochs.
Epoch 389/500, Train Loss: 0.0147, Train IoU Score: 0.9942, Val Loss: 0.0811,  Val IoU: 0.9232, Time: 26.19 seconds, Epoch 389 , Current LR: 1.1886686661982653e-05
 No improvement for 12 epochs.
Epoch 390/500, Train Loss: 0.0146, Train IoU Score: 0.9944, Val Loss: 0.0800,  Val IoU: 0.9291, Time: 26.63 seconds, Epoch 390 , Current LR: 1.1684182124566528e-05
Saved new best model at epoch 390 with Val IoU: 0.9291
Epoch 391/500, Train Loss: 0.0146, Train IoU Score: 0.9943, Val Loss: 0.0806,  Val IoU: 0.9257, Time: 26.73 seconds, Epoch 391 , Current LR: 1.1483190427424402e-05
 No improvement for 1 epochs.
Epoch 392/500, Train Loss: 0.0145, Train IoU Score: 0.9943, Val Loss: 0.0810,  Val IoU: 0.9244, Time: 26.98 seconds, Epoch 392 , Current LR: 1.1283719505364289e-05
 No improvement for 2 epochs.
Epoch 393/500, Train Loss: 0.0144, Train IoU Score: 0.9945, Val Loss: 0.0808,  Val IoU: 0.9257, Time: 27.61 seconds, Epoch 393 , Current LR: 1.1085777233156649e-05
 No improvement for 3 epochs.
Epoch 394/500, Train Loss: 0.0144, Train IoU Score: 0.9944, Val Loss: 0.0807,  Val IoU: 0.9251, Time: 27.23 seconds, Epoch 394 , Current LR: 1.0889371425223459e-05
 No improvement for 4 epochs.
Epoch 395/500, Train Loss: 0.0144, Train IoU Score: 0.9945, Val Loss: 0.0807,  Val IoU: 0.9250, Time: 27.17 seconds, Epoch 395 , Current LR: 1.0694509835329736e-05
 No improvement for 5 epochs.
Epoch 396/500, Train Loss: 0.0142, Train IoU Score: 0.9948, Val Loss: 0.0806,  Val IoU: 0.9250, Time: 27.52 seconds, Epoch 396 , Current LR: 1.050120015627734e-05
 No improvement for 6 epochs.
Epoch 397/500, Train Loss: 0.0143, Train IoU Score: 0.9946, Val Loss: 0.0800,  Val IoU: 0.9275, Time: 26.34 seconds, Epoch 397 , Current LR: 1.0309450019601454e-05
 No improvement for 7 epochs.
Epoch 398/500, Train Loss: 0.0142, Train IoU Score: 0.9947, Val Loss: 0.0794,  Val IoU: 0.9306, Time: 30.18 seconds, Epoch 398 , Current LR: 1.0119266995269133e-05
Saved new best model at epoch 398 with Val IoU: 0.9306
Epoch 399/500, Train Loss: 0.0141, Train IoU Score: 0.9948, Val Loss: 0.0802,  Val IoU: 0.9282, Time: 27.48 seconds, Epoch 399 , Current LR: 9.9306585913805e-06
 No improvement for 1 epochs.
Epoch 400/500, Train Loss: 0.0141, Train IoU Score: 0.9947, Val Loss: 0.0801,  Val IoU: 0.9245, Time: 26.24 seconds, Epoch 400 , Current LR: 9.743632253872444e-06
 No improvement for 2 epochs.
Epoch 401/500, Train Loss: 0.0140, Train IoU Score: 0.9949, Val Loss: 0.0798,  Val IoU: 0.9275, Time: 28.28 seconds, Epoch 401 , Current LR: 9.55819536622449e-06
 No improvement for 3 epochs.
Epoch 402/500, Train Loss: 0.0140, Train IoU Score: 0.9947, Val Loss: 0.0809,  Val IoU: 0.9231, Time: 26.98 seconds, Epoch 402 , Current LR: 9.374355249167452e-06
 No improvement for 4 epochs.
Epoch 403/500, Train Loss: 0.0140, Train IoU Score: 0.9947, Val Loss: 0.0805,  Val IoU: 0.9251, Time: 27.82 seconds, Epoch 403 , Current LR: 9.192119160394374e-06
 No improvement for 5 epochs.
Epoch 404/500, Train Loss: 0.0140, Train IoU Score: 0.9946, Val Loss: 0.0796,  Val IoU: 0.9270, Time: 26.52 seconds, Epoch 404 , Current LR: 9.011494294274005e-06
 No improvement for 6 epochs.
Epoch 405/500, Train Loss: 0.0139, Train IoU Score: 0.9948, Val Loss: 0.0792,  Val IoU: 0.9289, Time: 26.59 seconds, Epoch 405 , Current LR: 8.832487781566755e-06
 No improvement for 7 epochs.
Epoch 406/500, Train Loss: 0.0139, Train IoU Score: 0.9948, Val Loss: 0.0799,  Val IoU: 0.9259, Time: 27.44 seconds, Epoch 406 , Current LR: 8.655106689143273e-06
 No improvement for 8 epochs.
Epoch 407/500, Train Loss: 0.0138, Train IoU Score: 0.9948, Val Loss: 0.0797,  Val IoU: 0.9269, Time: 27.25 seconds, Epoch 407 , Current LR: 8.479358019705338e-06
 No improvement for 9 epochs.
Epoch 408/500, Train Loss: 0.0138, Train IoU Score: 0.9950, Val Loss: 0.0798,  Val IoU: 0.9261, Time: 26.75 seconds, Epoch 408 , Current LR: 8.305248711509486e-06
 No improvement for 10 epochs.
Epoch 409/500, Train Loss: 0.0138, Train IoU Score: 0.9949, Val Loss: 0.0801,  Val IoU: 0.9254, Time: 26.93 seconds, Epoch 409 , Current LR: 8.132785638093116e-06
 No improvement for 11 epochs.
Epoch 410/500, Train Loss: 0.0137, Train IoU Score: 0.9950, Val Loss: 0.0800,  Val IoU: 0.9257, Time: 26.56 seconds, Epoch 410 , Current LR: 7.961975608003027e-06
 No improvement for 12 epochs.
Epoch 411/500, Train Loss: 0.0137, Train IoU Score: 0.9951, Val Loss: 0.0798,  Val IoU: 0.9262, Time: 26.78 seconds, Epoch 411 , Current LR: 7.792825364526744e-06
 No improvement for 13 epochs.
Epoch 412/500, Train Loss: 0.0136, Train IoU Score: 0.9952, Val Loss: 0.0802,  Val IoU: 0.9244, Time: 25.86 seconds, Epoch 412 , Current LR: 7.625341585426251e-06
 No improvement for 14 epochs.
Epoch 413/500, Train Loss: 0.0136, Train IoU Score: 0.9950, Val Loss: 0.0794,  Val IoU: 0.9274, Time: 25.67 seconds, Epoch 413 , Current LR: 7.459530882674375e-06
 No improvement for 15 epochs.
Epoch 414/500, Train Loss: 0.0136, Train IoU Score: 0.9950, Val Loss: 0.0796,  Val IoU: 0.9263, Time: 27.07 seconds, Epoch 414 , Current LR: 7.295399802193721e-06
 No improvement for 16 epochs.
Epoch 415/500, Train Loss: 0.0135, Train IoU Score: 0.9953, Val Loss: 0.0797,  Val IoU: 0.9268, Time: 25.74 seconds, Epoch 415 , Current LR: 7.132954823598352e-06
 No improvement for 17 epochs.
Epoch 416/500, Train Loss: 0.0135, Train IoU Score: 0.9951, Val Loss: 0.0794,  Val IoU: 0.9282, Time: 28.01 seconds, Epoch 416 , Current LR: 6.972202359937831e-06
 No improvement for 18 epochs.
Epoch 417/500, Train Loss: 0.0135, Train IoU Score: 0.9952, Val Loss: 0.0800,  Val IoU: 0.9266, Time: 26.27 seconds, Epoch 417 , Current LR: 6.813148757444178e-06
 No improvement for 19 epochs.
Epoch 418/500, Train Loss: 0.0134, Train IoU Score: 0.9952, Val Loss: 0.0793,  Val IoU: 0.9289, Time: 26.10 seconds, Epoch 418 , Current LR: 6.6558002952813104e-06
 No improvement for 20 epochs.
Epoch 419/500, Train Loss: 0.0134, Train IoU Score: 0.9951, Val Loss: 0.0796,  Val IoU: 0.9259, Time: 26.62 seconds, Epoch 419 , Current LR: 6.5001631852970526e-06
 No improvement for 21 epochs.
Epoch 420/500, Train Loss: 0.0134, Train IoU Score: 0.9952, Val Loss: 0.0798,  Val IoU: 0.9260, Time: 26.39 seconds, Epoch 420 , Current LR: 6.346243571778032e-06
 No improvement for 22 epochs.
Epoch 421/500, Train Loss: 0.0133, Train IoU Score: 0.9954, Val Loss: 0.0802,  Val IoU: 0.9236, Time: 27.86 seconds, Epoch 421 , Current LR: 6.194047531207031e-06
 No improvement for 23 epochs.
Epoch 422/500, Train Loss: 0.0133, Train IoU Score: 0.9953, Val Loss: 0.0801,  Val IoU: 0.9227, Time: 26.05 seconds, Epoch 422 , Current LR: 6.0435810720231375e-06
 No improvement for 24 epochs.
Epoch 423/500, Train Loss: 0.0133, Train IoU Score: 0.9953, Val Loss: 0.0798,  Val IoU: 0.9237, Time: 27.92 seconds, Epoch 423 , Current LR: 5.894850134384496e-06
 No improvement for 25 epochs.
Epoch 424/500, Train Loss: 0.0133, Train IoU Score: 0.9953, Val Loss: 0.0794,  Val IoU: 0.9255, Time: 27.04 seconds, Epoch 424 , Current LR: 5.747860589933897e-06
 No improvement for 26 epochs.
Epoch 425/500, Train Loss: 0.0133, Train IoU Score: 0.9954, Val Loss: 0.0795,  Val IoU: 0.9252, Time: 27.40 seconds, Epoch 425 , Current LR: 5.602618241566835e-06
 No improvement for 27 epochs.
Epoch 426/500, Train Loss: 0.0132, Train IoU Score: 0.9954, Val Loss: 0.0795,  Val IoU: 0.9241, Time: 28.27 seconds, Epoch 426 , Current LR: 5.459128823202544e-06
 No improvement for 28 epochs.
Epoch 427/500, Train Loss: 0.0132, Train IoU Score: 0.9954, Val Loss: 0.0801,  Val IoU: 0.9229, Time: 26.60 seconds, Epoch 427 , Current LR: 5.31739799955756e-06
 No improvement for 29 epochs.
Epoch 428/500, Train Loss: 0.0131, Train IoU Score: 0.9955, Val Loss: 0.0796,  Val IoU: 0.9253, Time: 26.36 seconds, Epoch 428 , Current LR: 5.177431365922125e-06
 No improvement for 30 epochs.
Epoch 429/500, Train Loss: 0.0132, Train IoU Score: 0.9953, Val Loss: 0.0794,  Val IoU: 0.9261, Time: 27.86 seconds, Epoch 429 , Current LR: 5.039234447939271e-06
 No improvement for 31 epochs.
Epoch 430/500, Train Loss: 0.0131, Train IoU Score: 0.9954, Val Loss: 0.0791,  Val IoU: 0.9272, Time: 27.15 seconds, Epoch 430 , Current LR: 4.902812701386692e-06
 No improvement for 32 epochs.
Epoch 431/500, Train Loss: 0.0131, Train IoU Score: 0.9955, Val Loss: 0.0795,  Val IoU: 0.9245, Time: 26.49 seconds, Epoch 431 , Current LR: 4.768171511961355e-06
 No improvement for 33 epochs.
Epoch 432/500, Train Loss: 0.0130, Train IoU Score: 0.9956, Val Loss: 0.0794,  Val IoU: 0.9239, Time: 27.94 seconds, Epoch 432 , Current LR: 4.635316195066849e-06
 No improvement for 34 epochs.
Epoch 433/500, Train Loss: 0.0130, Train IoU Score: 0.9955, Val Loss: 0.0795,  Val IoU: 0.9257, Time: 28.25 seconds, Epoch 433 , Current LR: 4.504251995603635e-06
 No improvement for 35 epochs.
Epoch 434/500, Train Loss: 0.0130, Train IoU Score: 0.9957, Val Loss: 0.0795,  Val IoU: 0.9234, Time: 27.12 seconds, Epoch 434 , Current LR: 4.374984087761873e-06
 No improvement for 36 epochs.
Epoch 435/500, Train Loss: 0.0130, Train IoU Score: 0.9956, Val Loss: 0.0790,  Val IoU: 0.9262, Time: 27.09 seconds, Epoch 435 , Current LR: 4.247517574817222e-06
 No improvement for 37 epochs.
Epoch 436/500, Train Loss: 0.0130, Train IoU Score: 0.9956, Val Loss: 0.0790,  Val IoU: 0.9259, Time: 28.03 seconds, Epoch 436 , Current LR: 4.121857488929356e-06
 No improvement for 38 epochs.
Epoch 437/500, Train Loss: 0.0130, Train IoU Score: 0.9956, Val Loss: 0.0790,  Val IoU: 0.9266, Time: 27.47 seconds, Epoch 437 , Current LR: 3.998008790943315e-06
 No improvement for 39 epochs.
Epoch 438/500, Train Loss: 0.0130, Train IoU Score: 0.9956, Val Loss: 0.0790,  Val IoU: 0.9267, Time: 26.41 seconds, Epoch 438 , Current LR: 3.8759763701936e-06
 No improvement for 40 epochs.
 Early stopping triggered at epoch 438. Best Val IoU: 0.9306
=== JOB_STATISTICS ===
=== current date     : Wed Jul 16 01:57:19 AM CEST 2025
= Job-ID             : 1122983 on tinygpu
= Job-Name           : run_vnet
= Job-Command        : /home/hpc/mfdp/mfdp109h/roi_model/train_model.slurm
= Initial workdir    : /home/hpc/mfdp/mfdp109h/roi_model
= Queue/Partition    : a100
= Slurm account      : mfdp with QOS=normal
= Requested resources:  for 12:00:00
= Elapsed runtime    : 03:19:26
= Total RAM usage    : 6.5 GiB of requested  GiB (%)   
= Node list          : tg093
= Subm/Elig/Start/End: 2025-07-15T22:36:38 / 2025-07-15T22:36:38 / 2025-07-15T22:37:53 / 2025-07-16T01:57:19
======================
=== Quota infos ======
    Path                 Used     SoftQ    HardQ    Gracetime  Filec    FileQ    FiHaQ    FileGrace    
    /home/hpc              24.3G   104.9G   209.7G        N/A   5,366      500K   1,000K        N/A    
    /home/woody             7.3G  1000.0G  1500.0G        N/A  42,442    5,000K   7,500K        N/A    
    /home/vault             0.0K  1048.6G  2097.2G        N/A       1      200K     400K        N/A    
======================
=== GPU utilization ==
gpu_name, gpu_bus_id, pid, gpu_utilization [%], mem_utilization [%], max_memory_usage [MiB], time [ms]
NVIDIA A100-SXM4-40GB, 00000000:81:00.0, 4081963, 47 %, 23 %, 10054 MiB, 11955926 ms
